[
  {
    "health" : "green",
    "status" : "open",
    "index" : "logstash-atm-sn-20231119",
    "uuid" : "w3Ptx4dRT8C43nL_Xyt-lA",
    "pri" : "3",
    "rep" : "1",
    "docs.count" : "13255835",
    "docs.deleted" : "0",
    "store.size" : "3255371",
    "pri.store.size" : "1627562",
    "creation.date" : "1700323203084"
  },
  {
    "health" : "green",
    "status" : "open",
    "index" : "logstash-atm-sn-20231214",
    "uuid" : "YYNfYSQqR_2gqjHf-zxZGw",
    "pri" : "3",
    "rep" : "1",
    "docs.count" : "7764952",
    "docs.deleted" : "591664",
    "store.size" : "2097010",
    "pri.store.size" : "1046365",
    "creation.date" : "1702483203863"
  },
  {
    "health" : "green",
    "status" : "open",
    "index" : "logstash-atm-sn-20231213",
    "uuid" : "_c4KfFAjQCCMs8PAj07VVg",
    "pri" : "3",
    "rep" : "1",
    "docs.count" : "13034254",
    "docs.deleted" : "872358",
    "store.size" : "3480318",
    "pri.store.size" : "1745687",
    "creation.date" : "1702396801669"
  },
  {
    "health" : "green",
    "status" : "open",
    "index" : "logstash-atm-sn-20231212",
    "uuid" : "6pZaofBySla4EDxHy2wugA",
    "pri" : "3",
    "rep" : "1",
    "docs.count" : "13222056",
    "docs.deleted" : "1480670",
    "store.size" : "3732015",
    "pri.store.size" : "1849626",
    "creation.date" : "1702310401608"
  },
  {
    "health" : "green",
    "status" : "open",
    "index" : "logstash-atm-sn-20231211",
    "uuid" : "lxCT8x9YQ0uLzqmFnZLTmA",
    "pri" : "3",
    "rep" : "1",
    "docs.count" : "13230824",
    "docs.deleted" : "758389",
    "store.size" : "3566597",
    "pri.store.size" : "1739019",
    "creation.date" : "1702224003028"
  },
  {
    "health" : "green",
    "status" : "open",
    "index" : "logstash-atm-sn-20231210",
    "uuid" : "9ERqAj4eTpiqCWWXTM5k_g",
    "pri" : "3",
    "rep" : "1",
    "docs.count" : "13238645",
    "docs.deleted" : "1476153",
    "store.size" : "3590729",
    "pri.store.size" : "1829188",
    "creation.date" : "1702137601709"
  },
  {
    "health" : "green",
    "status" : "open",
    "index" : "logstash-atm-sn-20231115",
    "uuid" : "Hho7ai0_QRuAmy0uz7yJrg",
    "pri" : "3",
    "rep" : "1",
    "docs.count" : "24551621",
    "docs.deleted" : "0",
    "store.size" : "3835591",
    "pri.store.size" : "1918496",
    "creation.date" : "1700041501145"
  },
  {
    "health" : "green",
    "status" : "open",
    "index" : "logstash-atm-sn-20231116",
    "uuid" : "Q8FeB6y4R8SzyMStAGVTkA",
    "pri" : "3",
    "rep" : "1",
    "docs.count" : "13848278",
    "docs.deleted" : "0",
    "store.size" : "3408175",
    "pri.store.size" : "1704181",
    "creation.date" : "1700064003723"
  },
  {
    "health" : "green",
    "status" : "open",
    "index" : "logstash-sevone-sn-20231120-test",
    "uuid" : "rTk7iWSyRsGYgs1dnEKkpA",
    "pri" : "3",
    "rep" : "1",
    "docs.count" : "408",
    "docs.deleted" : "0",
    "store.size" : "477",
    "pri.store.size" : "238",
    "creation.date" : "1701172904280"
  },
  {
    "health" : "green",
    "status" : "open",
    "index" : "logstash-sevone-cal-h-2-",
    "uuid" : "9f59SB3aQHeW7OL_f00ABg",
    "pri" : "1",
    "rep" : "1",
    "docs.count" : "0",
    "docs.deleted" : "0",
    "store.size" : "0",
    "pri.store.size" : "0",
    "creation.date" : "1699232799177"
  },
  {
    "health" : "green",
    "status" : "open",
    "index" : "logstash-atm-sn-20231114",
    "uuid" : "xHDAYJgwTT-Q-F90Dr3rsA",
    "pri" : "3",
    "rep" : "1",
    "docs.count" : "23460084",
    "docs.deleted" : "0",
    "store.size" : "3554966",
    "pri.store.size" : "1776358",
    "creation.date" : "1700454621993"
  },
  {
    "health" : "green",
    "status" : "open",
    "index" : "logstash-atm-sn-20231113",
    "uuid" : "01Gm1fRyTaGJspL9psd1-A",
    "pri" : "3",
    "rep" : "1",
    "docs.count" : "23596293",
    "docs.deleted" : "0",
    "store.size" : "3575277",
    "pri.store.size" : "1787987",
    "creation.date" : "1700447910296"
  },
  {
    "health" : "green",
    "status" : "open",
    "index" : "logstash-atm-sn-20231112",
    "uuid" : "6WTTBftkQqWGSFvQ8cE3gw",
    "pri" : "3",
    "rep" : "1",
    "docs.count" : "23395289",
    "docs.deleted" : "0",
    "store.size" : "3519820",
    "pri.store.size" : "1760037",
    "creation.date" : "1700447916632"
  },
  {
    "health" : "green",
    "status" : "open",
    "index" : "logstash-atm-sn-20231111",
    "uuid" : "Ih0gHI1pSpasvhxhsqNlFQ",
    "pri" : "3",
    "rep" : "1",
    "docs.count" : "23432724",
    "docs.deleted" : "0",
    "store.size" : "3525868",
    "pri.store.size" : "1762728",
    "creation.date" : "1700441000241"
  },
  {
    "health" : "green",
    "status" : "open",
    "index" : "logstash-atm-sn-20231110",
    "uuid" : "Qs6gjN9QQu2cdJsVClmk1Q",
    "pri" : "3",
    "rep" : "1",
    "docs.count" : "23423215",
    "docs.deleted" : "0",
    "store.size" : "3543238",
    "pri.store.size" : "1772443",
    "creation.date" : "1700441001745"
  },
  {
    "health" : "green",
    "status" : "close",
    "index" : "logstash-atm-sn-20231018",
    "uuid" : "Ww2Wz-g0TRWBZOQfXtfang",
    "pri" : "3",
    "rep" : "1",
    "docs.count" : null,
    "docs.deleted" : null,
    "store.size" : null,
    "pri.store.size" : null,
    "creation.date" : "1700125665378"
  },
  {
    "health" : "green",
    "status" : "close",
    "index" : "logstash-atm-sn-20231017",
    "uuid" : "S7P_H35TTTm3oJx-CexBAw",
    "pri" : "3",
    "rep" : "1",
    "docs.count" : null,
    "docs.deleted" : null,
    "store.size" : null,
    "pri.store.size" : null,
    "creation.date" : "1700125666857"
  },
  {
    "health" : "green",
    "status" : "close",
    "index" : "logstash-atm-sn-20231016",
    "uuid" : "tV-IfDWlSHa85MbL9I37pA",
    "pri" : "3",
    "rep" : "1",
    "docs.count" : null,
    "docs.deleted" : null,
    "store.size" : null,
    "pri.store.size" : null,
    "creation.date" : "1700132095244"
  },
  {
    "health" : "green",
    "status" : "close",
    "index" : "logstash-atm-sn-20231015",
    "uuid" : "msJJYQURQH2JLjSNb07D4w",
    "pri" : "3",
    "rep" : "1",
    "docs.count" : null,
    "docs.deleted" : null,
    "store.size" : null,
    "pri.store.size" : null,
    "creation.date" : "1700132096579"
  },
  {
    "health" : "green",
    "status" : "close",
    "index" : "logstash-atm-sn-20231014",
    "uuid" : "RxcD0lzWTCG3tL0A8u5IGw",
    "pri" : "3",
    "rep" : "1",
    "docs.count" : null,
    "docs.deleted" : null,
    "store.size" : null,
    "pri.store.size" : null,
    "creation.date" : "1700139230157"
  },
  {
    "health" : "green",
    "status" : "close",
    "index" : "logstash-atm-sn-20231013",
    "uuid" : "Og_cWxhCQRKJLVE2EOg1Cg",
    "pri" : "3",
    "rep" : "1",
    "docs.count" : null,
    "docs.deleted" : null,
    "store.size" : null,
    "pri.store.size" : null,
    "creation.date" : "1700139232422"
  },
  {
    "health" : "green",
    "status" : "close",
    "index" : "logstash-atm-sn-20231012",
    "uuid" : "r8ItBdVFRpWZ_t7jlbsshA",
    "pri" : "3",
    "rep" : "1",
    "docs.count" : null,
    "docs.deleted" : null,
    "store.size" : null,
    "pri.store.size" : null,
    "creation.date" : "1700193508087"
  },
  {
    "health" : "green",
    "status" : "close",
    "index" : "logstash-atm-sn-20231011",
    "uuid" : "xap1oBCDS7GV7pk2Oa7Xow",
    "pri" : "3",
    "rep" : "1",
    "docs.count" : null,
    "docs.deleted" : null,
    "store.size" : null,
    "pri.store.size" : null,
    "creation.date" : "1700154245616"
  },
  {
    "health" : "green",
    "status" : "close",
    "index" : "logstash-atm-sn-20231010",
    "uuid" : "cJmzbGLuQGuAjscdJ231RA",
    "pri" : "3",
    "rep" : "1",
    "docs.count" : null,
    "docs.deleted" : null,
    "store.size" : null,
    "pri.store.size" : null,
    "creation.date" : "1700154252149"
  },
  {
    "health" : "green",
    "status" : "close",
    "index" : "logstash-atm-sn-20231007",
    "uuid" : "BKkF5ZUjTXWv7r-BK734mg",
    "pri" : "3",
    "rep" : "1",
    "docs.count" : null,
    "docs.deleted" : null,
    "store.size" : null,
    "pri.store.size" : null,
    "creation.date" : "1700199309431"
  },
  {
    "health" : "green",
    "status" : "close",
    "index" : "logstash-atm-sn-20231106",
    "uuid" : "qZwZ3YhcSfuAy3Mrc86KrQ",
    "pri" : "3",
    "rep" : "1",
    "docs.count" : null,
    "docs.deleted" : null,
    "store.size" : null,
    "pri.store.size" : null,
    "creation.date" : "1699946774967"
  },
  {
    "health" : "green",
    "status" : "open",
    "index" : "logstash-atm-sn-20231107",
    "uuid" : "zF-VQBHNSh2n9YiRmPvR6w",
    "pri" : "3",
    "rep" : "1",
    "docs.count" : "23501571",
    "docs.deleted" : "0",
    "store.size" : "3566140",
    "pri.store.size" : "1783301",
    "creation.date" : "1699946773890"
  },
  {
    "health" : "green",
    "status" : "open",
    "index" : "logstash-atm-sn-20231209",
    "uuid" : "kPlxIl3sRbqIaNCSf1yZ-w",
    "pri" : "3",
    "rep" : "1",
    "docs.count" : "13131985",
    "docs.deleted" : "1262335",
    "store.size" : "3553418",
    "pri.store.size" : "1793499",
    "creation.date" : "1702051203123"
  },
  {
    "health" : "green",
    "status" : "open",
    "index" : "logstash-atm-sn-20231208",
    "uuid" : "RJwSqMdrRIiEoBgw7qcmow",
    "pri" : "3",
    "rep" : "1",
    "docs.count" : "13215552",
    "docs.deleted" : "1417580",
    "store.size" : "3670862",
    "pri.store.size" : "1836861",
    "creation.date" : "1701964802111"
  },
  {
    "health" : "green",
    "status" : "open",
    "index" : "logstash-atm-sn-20231207",
    "uuid" : "Au9uL_sQTgCPR_SxZ2mphA",
    "pri" : "3",
    "rep" : "1",
    "docs.count" : "13167108",
    "docs.deleted" : "1544932",
    "store.size" : "3613942",
    "pri.store.size" : "1854473",
    "creation.date" : "1701878404173"
  },
  {
    "health" : "green",
    "status" : "open",
    "index" : "logstash-atm-sn-20231206",
    "uuid" : "sltFv7qjRdqfTW-W4cDJ6Q",
    "pri" : "3",
    "rep" : "1",
    "docs.count" : "13024622",
    "docs.deleted" : "0",
    "store.size" : "3203126",
    "pri.store.size" : "1601563",
    "creation.date" : "1701792001562"
  },
  {
    "health" : "green",
    "status" : "open",
    "index" : "logstash-atm-sn-20231205",
    "uuid" : "8oHQrJoST-6bwz2MrmABAg",
    "pri" : "3",
    "rep" : "1",
    "docs.count" : "13162509",
    "docs.deleted" : "0",
    "store.size" : "3229526",
    "pri.store.size" : "1614763",
    "creation.date" : "1701705601818"
  },
  {
    "health" : "green",
    "status" : "open",
    "index" : "logstash-atm-sn-20231204",
    "uuid" : "_HxOdSuMSYiAYZQ4OnZgfg",
    "pri" : "3",
    "rep" : "1",
    "docs.count" : "13153517",
    "docs.deleted" : "0",
    "store.size" : "3226750",
    "pri.store.size" : "1613609",
    "creation.date" : "1701619202635"
  },
  {
    "health" : "green",
    "status" : "open",
    "index" : "logstash-atm-sn-20231203",
    "uuid" : "sAofTlulQ3e93P3UKeVPdw",
    "pri" : "3",
    "rep" : "1",
    "docs.count" : "12778940",
    "docs.deleted" : "0",
    "store.size" : "3120660",
    "pri.store.size" : "1560376",
    "creation.date" : "1701532805521"
  },
  {
    "health" : "green",
    "status" : "open",
    "index" : "logstash-atm-sn-20231202",
    "uuid" : "PUFGo1tjTbybt0HrEuz3Iw",
    "pri" : "3",
    "rep" : "1",
    "docs.count" : "13264673",
    "docs.deleted" : "0",
    "store.size" : "3220541",
    "pri.store.size" : "1610628",
    "creation.date" : "1701446403034"
  },
  {
    "health" : "green",
    "status" : "open",
    "index" : "logstash-atm-sn-20231201",
    "uuid" : "5dxL632UTdGRs14sHT_ZYA",
    "pri" : "3",
    "rep" : "1",
    "docs.count" : "13288497",
    "docs.deleted" : "0",
    "store.size" : "3279552",
    "pri.store.size" : "1639910",
    "creation.date" : "1701360002585"
  },
  {
    "health" : "green",
    "status" : "open",
    "index" : "logstash-atm-sn-20231109",
    "uuid" : "oJxVi77tRmSJMgJJcvCVYg",
    "pri" : "3",
    "rep" : "1",
    "docs.count" : "23499237",
    "docs.deleted" : "0",
    "store.size" : "3559919",
    "pri.store.size" : "1779832",
    "creation.date" : "1700410647877"
  },
  {
    "health" : "green",
    "status" : "open",
    "index" : "logstash-atm-sn-20231108",
    "uuid" : "jwj9wl5CTIKyaJ1mYaK1LA",
    "pri" : "3",
    "rep" : "1",
    "docs.count" : "23508160",
    "docs.deleted" : "0",
    "store.size" : "3568376",
    "pri.store.size" : "1784457",
    "creation.date" : "1700410649812"
  },
  {
    "health" : "green",
    "status" : "close",
    "index" : "logstash-atm-sn-20231102",
    "uuid" : "c3R3yaQEQzKiMil90CE6gw",
    "pri" : "3",
    "rep" : "1",
    "docs.count" : null,
    "docs.deleted" : null,
    "store.size" : null,
    "pri.store.size" : null,
    "creation.date" : "1700038034417"
  },
  {
    "health" : "green",
    "status" : "close",
    "index" : "logstash-atm-sn-20231105",
    "uuid" : "XAi1GE8fTPWuNiAu3Tju3Q",
    "pri" : "3",
    "rep" : "1",
    "docs.count" : null,
    "docs.deleted" : null,
    "store.size" : null,
    "pri.store.size" : null,
    "creation.date" : "1700032276061"
  },
  {
    "health" : "green",
    "status" : "open",
    "index" : "logstash-sevone-cal-h-1-",
    "uuid" : "f4ItTokXReyoLOvIjvw1Xg",
    "pri" : "1",
    "rep" : "1",
    "docs.count" : "0",
    "docs.deleted" : "0",
    "store.size" : "0",
    "pri.store.size" : "0",
    "creation.date" : "1699232790670"
  },
  {
    "health" : "green",
    "status" : "close",
    "index" : "logstash-atm-sn-20231104",
    "uuid" : "KxUVXFz9RWaOP5nqw-uRUw",
    "pri" : "3",
    "rep" : "1",
    "docs.count" : null,
    "docs.deleted" : null,
    "store.size" : null,
    "pri.store.size" : null,
    "creation.date" : "1700032277587"
  },
  {
    "health" : "green",
    "status" : "close",
    "index" : "logstash-atm-sn-20231103",
    "uuid" : "HPtHfCBiSwezeYQ-EPn-ew",
    "pri" : "3",
    "rep" : "1",
    "docs.count" : null,
    "docs.deleted" : null,
    "store.size" : null,
    "pri.store.size" : null,
    "creation.date" : "1700038032271"
  },
  {
    "health" : "green",
    "status" : "open",
    "index" : "logstash-sevone-sn-20231127-test",
    "uuid" : "j0xqOosCTrWzeZ46LL50lA",
    "pri" : "3",
    "rep" : "1",
    "docs.count" : "188",
    "docs.deleted" : "0",
    "store.size" : "327",
    "pri.store.size" : "163",
    "creation.date" : "1701173255144"
  },
  {
    "health" : "green",
    "status" : "close",
    "index" : "logstash-atm-sn-20231101",
    "uuid" : "iM81-pexS2uJqgnhb6AD7w",
    "pri" : "3",
    "rep" : "1",
    "docs.count" : null,
    "docs.deleted" : null,
    "store.size" : null,
    "pri.store.size" : null,
    "creation.date" : "1700043729558"
  },
  {
    "health" : "green",
    "status" : "close",
    "index" : "logstash-atm-sn-20231009",
    "uuid" : "ECgWXXCeSQuoZDETZK-6BQ",
    "pri" : "3",
    "rep" : "1",
    "docs.count" : null,
    "docs.deleted" : null,
    "store.size" : null,
    "pri.store.size" : null,
    "creation.date" : "1700180983355"
  },
  {
    "health" : "green",
    "status" : "close",
    "index" : "logstash-atm-sn-20231008",
    "uuid" : "xN5s4qewQlq85SfI5s7RIA",
    "pri" : "3",
    "rep" : "1",
    "docs.count" : null,
    "docs.deleted" : null,
    "store.size" : null,
    "pri.store.size" : null,
    "creation.date" : "1700180984680"
  },
  {
    "health" : "green",
    "status" : "close",
    "index" : "logstash-atm-sn-20231002",
    "uuid" : "MWx6IiNCQ2SDKEeWwDnbxA",
    "pri" : "3",
    "rep" : "1",
    "docs.count" : null,
    "docs.deleted" : null,
    "store.size" : null,
    "pri.store.size" : null,
    "creation.date" : "1700214297420"
  },
  {
    "health" : "green",
    "status" : "close",
    "index" : "logstash-atm-sn-20231006",
    "uuid" : "bvdFI9X0Qr2Vq0INnWQVVQ",
    "pri" : "3",
    "rep" : "1",
    "docs.count" : null,
    "docs.deleted" : null,
    "store.size" : null,
    "pri.store.size" : null,
    "creation.date" : "1700199313650"
  },
  {
    "health" : "green",
    "status" : "close",
    "index" : "logstash-atm-sn-20231005",
    "uuid" : "MKeotFHiSz2KZma-x7D6Bw",
    "pri" : "3",
    "rep" : "1",
    "docs.count" : null,
    "docs.deleted" : null,
    "store.size" : null,
    "pri.store.size" : null,
    "creation.date" : "1700207796174"
  },
  {
    "health" : "green",
    "status" : "close",
    "index" : "logstash-atm-sn-20231004",
    "uuid" : "L4yCo3B_SfezWCjz2BjiUA",
    "pri" : "3",
    "rep" : "1",
    "docs.count" : null,
    "docs.deleted" : null,
    "store.size" : null,
    "pri.store.size" : null,
    "creation.date" : "1700207802567"
  },
  {
    "health" : "green",
    "status" : "close",
    "index" : "logstash-atm-sn-20231003",
    "uuid" : "lcvRLLkUTd6pWd5KzYBkoQ",
    "pri" : "3",
    "rep" : "1",
    "docs.count" : null,
    "docs.deleted" : null,
    "store.size" : null,
    "pri.store.size" : null,
    "creation.date" : "1700214291889"
  },
  {
    "health" : "green",
    "status" : "open",
    "index" : "logstash-sevone-sn-20231130",
    "uuid" : "bFgVS8M1SQaWMlhArSKH7A",
    "pri" : "3",
    "rep" : "1",
    "docs.count" : "6828180",
    "docs.deleted" : "0",
    "store.size" : "3764205",
    "pri.store.size" : "1882353",
    "creation.date" : "1701273602878"
  },
  {
    "health" : "green",
    "status" : "close",
    "index" : "logstash-atm-sn-20231001",
    "uuid" : "63l2rfcnSzSc4gm-5rECDw",
    "pri" : "3",
    "rep" : "1",
    "docs.count" : null,
    "docs.deleted" : null,
    "store.size" : null,
    "pri.store.size" : null,
    "creation.date" : "1700403092833"
  },
  {
    "health" : "green",
    "status" : "open",
    "index" : "logstash-sevone-cal-h-1-202311",
    "uuid" : "op4QSTpGSg6DI8FWMbcWYg",
    "pri" : "1",
    "rep" : "1",
    "docs.count" : "16801599",
    "docs.deleted" : "552402",
    "store.size" : "4817971",
    "pri.store.size" : "2408985",
    "creation.date" : "1699261072500"
  },
  {
    "health" : "green",
    "status" : "open",
    "index" : "logstash-sevone-cal-h-1-202312",
    "uuid" : "QmYr-HZIRDexb4p3OxLOVA",
    "pri" : "1",
    "rep" : "1",
    "docs.count" : "7723356",
    "docs.deleted" : "784432",
    "store.size" : "2434223",
    "pri.store.size" : "1179990",
    "creation.date" : "1701389775892"
  },
  {
    "health" : "green",
    "status" : "close",
    "index" : "logstash-sevone-cal-h-1-202310",
    "uuid" : "KLYlzz56R9OCzlUSxPJlxw",
    "pri" : "1",
    "rep" : "1",
    "docs.count" : null,
    "docs.deleted" : null,
    "store.size" : null,
    "pri.store.size" : null,
    "creation.date" : "1699248828099"
  },
  {
    "health" : "green",
    "status" : "open",
    "index" : "logstash-sevone-cal-d-1-202312",
    "uuid" : "u9lukvDrSq2bdmngdMWqig",
    "pri" : "1",
    "rep" : "1",
    "docs.count" : "311147",
    "docs.deleted" : "45051",
    "store.size" : "100570",
    "pri.store.size" : "50448",
    "creation.date" : "1701447336192"
  },
  {
    "health" : "green",
    "status" : "open",
    "index" : "logstash-sevone-cal-d-1-202311",
    "uuid" : "q-_jRBGsQ26HYO9cic0-xw",
    "pri" : "1",
    "rep" : "1",
    "docs.count" : "753280",
    "docs.deleted" : "0",
    "store.size" : "212488",
    "pri.store.size" : "106244",
    "creation.date" : "1699234915569"
  },
  {
    "health" : "green",
    "status" : "close",
    "index" : "logstash-sevone-cal-d-1-202310",
    "uuid" : "Y5YRBR5KTRKrhWRoeipneg",
    "pri" : "1",
    "rep" : "1",
    "docs.count" : null,
    "docs.deleted" : null,
    "store.size" : null,
    "pri.store.size" : null,
    "creation.date" : "1699233980091"
  },
  {
    "health" : "green",
    "status" : "close",
    "index" : "logstash-sevone-cal-h-half-202311-test",
    "uuid" : "AbWA7Y56QHCo9iTLKXoIMw",
    "pri" : "1",
    "rep" : "1",
    "docs.count" : null,
    "docs.deleted" : null,
    "store.size" : null,
    "pri.store.size" : null,
    "creation.date" : "1699407521695"
  },
  {
    "health" : "green",
    "status" : "open",
    "index" : "logstash-atm-cal-h-2-",
    "uuid" : "quJ7KLOXRTiqmFlBghKReA",
    "pri" : "1",
    "rep" : "1",
    "docs.count" : "0",
    "docs.deleted" : "0",
    "store.size" : "0",
    "pri.store.size" : "0",
    "creation.date" : "1701773368008"
  },
  {
    "health" : "green",
    "status" : "open",
    "index" : "logstash-sevone-sn-20231107-test",
    "uuid" : "VMNa2Bg5R3Ko6fgvGDJBbA",
    "pri" : "3",
    "rep" : "1",
    "docs.count" : "284609",
    "docs.deleted" : "0",
    "store.size" : "107377",
    "pri.store.size" : "53599",
    "creation.date" : "1701151155426"
  },
  {
    "health" : "green",
    "status" : "open",
    "index" : "logstash-sevone-sn-20231115-test",
    "uuid" : "6VJuLv_MS_6lvyBD4MTa1Q",
    "pri" : "3",
    "rep" : "1",
    "docs.count" : "219149",
    "docs.deleted" : "0",
    "store.size" : "86666",
    "pri.store.size" : "43309",
    "creation.date" : "1701171011319"
  },
  {
    "health" : "green",
    "status" : "open",
    "index" : "logstash-sevone-sn-20231129",
    "uuid" : "Pyr4oU4zTBeMFMuIOvUQDQ",
    "pri" : "3",
    "rep" : "1",
    "docs.count" : "6819736",
    "docs.deleted" : "0",
    "store.size" : "3762898",
    "pri.store.size" : "1881347",
    "creation.date" : "1701187203659"
  },
  {
    "health" : "green",
    "status" : "open",
    "index" : "logstash-sevone-sn-20231128",
    "uuid" : "6mXKgh-VTcGvcTg9HTP0RQ",
    "pri" : "3",
    "rep" : "1",
    "docs.count" : "6825728",
    "docs.deleted" : "0",
    "store.size" : "5468373",
    "pri.store.size" : "2734419",
    "creation.date" : "1701100803029"
  },
  {
    "health" : "green",
    "status" : "open",
    "index" : "logstash-sevone-sn-20231127",
    "uuid" : "hXUTS11zRNeTpD1O9EyMDQ",
    "pri" : "3",
    "rep" : "1",
    "docs.count" : "6829732",
    "docs.deleted" : "0",
    "store.size" : "6289572",
    "pri.store.size" : "3144817",
    "creation.date" : "1701014403630"
  },
  {
    "health" : "green",
    "status" : "open",
    "index" : "logstash-sevone-sn-20231126",
    "uuid" : "7rkLnaxVRCSFyXb58BrBCg",
    "pri" : "3",
    "rep" : "1",
    "docs.count" : "6828932",
    "docs.deleted" : "0",
    "store.size" : "6290256",
    "pri.store.size" : "3144439",
    "creation.date" : "1700928004325"
  },
  {
    "health" : "green",
    "status" : "open",
    "index" : "logstash-sevone-sn-20231125",
    "uuid" : "zcgBQkwYR-ah9rsHE07UBQ",
    "pri" : "3",
    "rep" : "1",
    "docs.count" : "6828662",
    "docs.deleted" : "0",
    "store.size" : "6274296",
    "pri.store.size" : "3135048",
    "creation.date" : "1700841604454"
  },
  {
    "health" : "green",
    "status" : "open",
    "index" : "logstash-sevone-sn-20231124",
    "uuid" : "nO9PrITATomUVry683zMdw",
    "pri" : "3",
    "rep" : "1",
    "docs.count" : "6825648",
    "docs.deleted" : "0",
    "store.size" : "6269193",
    "pri.store.size" : "3132199",
    "creation.date" : "1700755203468"
  },
  {
    "health" : "green",
    "status" : "open",
    "index" : "logstash-sevone-sn-20231123",
    "uuid" : "QNvK4BrzR6qMgOAMiEz0fQ",
    "pri" : "3",
    "rep" : "1",
    "docs.count" : "6828470",
    "docs.deleted" : "0",
    "store.size" : "6263818",
    "pri.store.size" : "3131780",
    "creation.date" : "1700668802690"
  },
  {
    "health" : "green",
    "status" : "open",
    "index" : "logstash-sevone-sn-20231122",
    "uuid" : "lNHnlcWCRReep0Ef6o021g",
    "pri" : "3",
    "rep" : "1",
    "docs.count" : "6828138",
    "docs.deleted" : "0",
    "store.size" : "6248859",
    "pri.store.size" : "3123592",
    "creation.date" : "1700582402662"
  },
  {
    "health" : "green",
    "status" : "open",
    "index" : "logstash-sevone-sn-20231121",
    "uuid" : "ffVV_LjZQNiVHgL0OLNn1g",
    "pri" : "3",
    "rep" : "1",
    "docs.count" : "6829136",
    "docs.deleted" : "0",
    "store.size" : "6243548",
    "pri.store.size" : "3120600",
    "creation.date" : "1700496001680"
  },
  {
    "health" : "green",
    "status" : "open",
    "index" : "logstash-sevone-sn-20231120",
    "uuid" : "ig3j0FwqTr-njAy5vBGEhQ",
    "pri" : "3",
    "rep" : "1",
    "docs.count" : "6829512",
    "docs.deleted" : "0",
    "store.size" : "6250097",
    "pri.store.size" : "3125714",
    "creation.date" : "1700409602100"
  },
  {
    "health" : "green",
    "status" : "open",
    "index" : "logstash-sevone-sn-20231206-test",
    "uuid" : "wBwncXNiReKJ4FTLbSZnAA",
    "pri" : "3",
    "rep" : "1",
    "docs.count" : "2624",
    "docs.deleted" : "0",
    "store.size" : "1654",
    "pri.store.size" : "827",
    "creation.date" : "1701885635712"
  },
  {
    "health" : "green",
    "status" : "open",
    "index" : "logstash-sevone-sn-20231123-test",
    "uuid" : "x8p3H-bTRi21OT1XKv7DRA",
    "pri" : "3",
    "rep" : "1",
    "docs.count" : "1450",
    "docs.deleted" : "0",
    "store.size" : "1042",
    "pri.store.size" : "521",
    "creation.date" : "1701173015202"
  },
  {
    "health" : "green",
    "status" : "open",
    "index" : "logstash-atm-cal-h-half-",
    "uuid" : "D8VVo5AgRha0IQv8AoOweQ",
    "pri" : "1",
    "rep" : "1",
    "docs.count" : "0",
    "docs.deleted" : "0",
    "store.size" : "0",
    "pri.store.size" : "0",
    "creation.date" : "1701774878905"
  },
  {
    "health" : "green",
    "status" : "open",
    "index" : "logstash-sevone-sn-20231202-test",
    "uuid" : "xz26reOnSCaCzhKkuE0_Hg",
    "pri" : "3",
    "rep" : "1",
    "docs.count" : "8826",
    "docs.deleted" : "0",
    "store.size" : "1978",
    "pri.store.size" : "991",
    "creation.date" : "1701540025028"
  },
  {
    "health" : "green",
    "status" : "close",
    "index" : "logstash-sevone-cal-h-1-202308",
    "uuid" : "VCQ-CMuMRECgTSZm4TGPtw",
    "pri" : "1",
    "rep" : "1",
    "docs.count" : null,
    "docs.deleted" : null,
    "store.size" : null,
    "pri.store.size" : null,
    "creation.date" : "1699232809356"
  },
  {
    "health" : "green",
    "status" : "close",
    "index" : "logstash-sevone-cal-h-1-202309",
    "uuid" : "Hgbk5J90QcaAxu3_qnMB9g",
    "pri" : "1",
    "rep" : "1",
    "docs.count" : null,
    "docs.deleted" : null,
    "store.size" : null,
    "pri.store.size" : null,
    "creation.date" : "1699235769545"
  },
  {
    "health" : "green",
    "status" : "open",
    "index" : ".internal.alerts-observability.uptime.alerts-default-000001",
    "uuid" : "Df6D3R4LSXKPAZ3V6tBXVQ",
    "pri" : "1",
    "rep" : "1",
    "docs.count" : "0",
    "docs.deleted" : "0",
    "store.size" : "0",
    "pri.store.size" : "0",
    "creation.date" : "1698817468214"
  },
  {
    "health" : "green",
    "status" : "close",
    "index" : "logstash-sevone-cal-d-1-202309",
    "uuid" : "-lPS9eUXRfqMJvbRUseYFw",
    "pri" : "1",
    "rep" : "1",
    "docs.count" : null,
    "docs.deleted" : null,
    "store.size" : null,
    "pri.store.size" : null,
    "creation.date" : "1699233148880"
  },
  {
    "health" : "green",
    "status" : "close",
    "index" : "logstash-sevone-cal-d-1-202308",
    "uuid" : "26mMpJMMSc-W0Mwj-Ojl-A",
    "pri" : "1",
    "rep" : "1",
    "docs.count" : null,
    "docs.deleted" : null,
    "store.size" : null,
    "pri.store.size" : null,
    "creation.date" : "1699232880545"
  },
  {
    "health" : "green",
    "status" : "open",
    "index" : "logstash-atm-cal-h-1-",
    "uuid" : "lrnRMPxNSRel0AlwbpysfQ",
    "pri" : "1",
    "rep" : "1",
    "docs.count" : "0",
    "docs.deleted" : "0",
    "store.size" : "0",
    "pri.store.size" : "0",
    "creation.date" : "1701774875937"
  },
  {
    "health" : "green",
    "status" : "open",
    "index" : "logstash-sevone-sn-20231212",
    "uuid" : "X0_bkU0aTzGrbTAlfvrlyg",
    "pri" : "3",
    "rep" : "1",
    "docs.count" : "6821208",
    "docs.deleted" : "708",
    "store.size" : "3918984",
    "pri.store.size" : "1938843",
    "creation.date" : "1702310404063"
  },
  {
    "health" : "green",
    "status" : "open",
    "index" : "logstash-sevone-sn-20231214",
    "uuid" : "730hIUiDSF21PTKE47FTzQ",
    "pri" : "3",
    "rep" : "1",
    "docs.count" : "4088629",
    "docs.deleted" : "0",
    "store.size" : "2636053",
    "pri.store.size" : "1319894",
    "creation.date" : "1702483201850"
  },
  {
    "health" : "green",
    "status" : "open",
    "index" : "logstash-sevone-sn-20231213",
    "uuid" : "aC7folqiRpybaI7KyL0NCg",
    "pri" : "3",
    "rep" : "1",
    "docs.count" : "6820668",
    "docs.deleted" : "232",
    "store.size" : "3835504",
    "pri.store.size" : "1911883",
    "creation.date" : "1702396803163"
  },
  {
    "health" : "green",
    "status" : "open",
    "index" : "logstash-sevone-sn-20231210",
    "uuid" : "Oj62WrNrSO-CHDCffZPTtQ",
    "pri" : "3",
    "rep" : "1",
    "docs.count" : "6821290",
    "docs.deleted" : "114",
    "store.size" : "3885619",
    "pri.store.size" : "1931699",
    "creation.date" : "1702137607300"
  },
  {
    "health" : "green",
    "status" : "open",
    "index" : "logstash-sevone-sn-20231211",
    "uuid" : "B_TyY1RJRJKrWXaQ-5Zm3g",
    "pri" : "3",
    "rep" : "1",
    "docs.count" : "6568614",
    "docs.deleted" : "267",
    "store.size" : "3710968",
    "pri.store.size" : "1852381",
    "creation.date" : "1702224001756"
  },
  {
    "health" : "green",
    "status" : "open",
    "index" : "logstash-sevone-sn-20231119",
    "uuid" : "d9Tf4WqLQ-O0FvLSpOB_qA",
    "pri" : "3",
    "rep" : "1",
    "docs.count" : "6829148",
    "docs.deleted" : "0",
    "store.size" : "6289997",
    "pri.store.size" : "3144906",
    "creation.date" : "1700323201960"
  },
  {
    "health" : "green",
    "status" : "open",
    "index" : "logstash-sevone-sn-20231118",
    "uuid" : "p3kxFO-bQrGlDuFTBRqTNg",
    "pri" : "3",
    "rep" : "1",
    "docs.count" : "6806234",
    "docs.deleted" : "0",
    "store.size" : "6136289",
    "pri.store.size" : "3064584",
    "creation.date" : "1700237074627"
  },
  {
    "health" : "green",
    "status" : "open",
    "index" : "logstash-sevone-sn-20231117",
    "uuid" : "wcDdIFKZTT6Mj4XAWFGg3Q",
    "pri" : "3",
    "rep" : "1",
    "docs.count" : "6802408",
    "docs.deleted" : "0",
    "store.size" : "6102964",
    "pri.store.size" : "3052912",
    "creation.date" : "1700150402378"
  },
  {
    "health" : "green",
    "status" : "open",
    "index" : "logstash-sevone-sn-20231116",
    "uuid" : "E0HyjQDHR3ullXHb-GnlTw",
    "pri" : "3",
    "rep" : "1",
    "docs.count" : "6794274",
    "docs.deleted" : "0",
    "store.size" : "6078354",
    "pri.store.size" : "3036465",
    "creation.date" : "1700064187720"
  },
  {
    "health" : "green",
    "status" : "open",
    "index" : "logstash-sevone-sn-20231115",
    "uuid" : "_VLG-qseT9G1ukf-B4pPuA",
    "pri" : "3",
    "rep" : "1",
    "docs.count" : "6610771",
    "docs.deleted" : "0",
    "store.size" : "5707179",
    "pri.store.size" : "2854714",
    "creation.date" : "1699978457791"
  },
  {
    "health" : "green",
    "status" : "open",
    "index" : "logstash-sevone-sn-20231114",
    "uuid" : "EXCG_oQ9QAmQp4BzCWZGUQ",
    "pri" : "3",
    "rep" : "1",
    "docs.count" : "6619293",
    "docs.deleted" : "0",
    "store.size" : "5565143",
    "pri.store.size" : "2781381",
    "creation.date" : "1699891204751"
  },
  {
    "health" : "green",
    "status" : "open",
    "index" : "logstash-sevone-sn-20231113",
    "uuid" : "iEqbDAcgRHC9sKWN2dSGvA",
    "pri" : "3",
    "rep" : "1",
    "docs.count" : "6591029",
    "docs.deleted" : "0",
    "store.size" : "5540609",
    "pri.store.size" : "2769662",
    "creation.date" : "1699804838441"
  },
  {
    "health" : "green",
    "status" : "open",
    "index" : "logstash-sevone-sn-20231112",
    "uuid" : "cWQtje1KTRSl9u_rd9xNHw",
    "pri" : "3",
    "rep" : "1",
    "docs.count" : "6521449",
    "docs.deleted" : "0",
    "store.size" : "5485565",
    "pri.store.size" : "2742921",
    "creation.date" : "1699718517240"
  },
  {
    "health" : "green",
    "status" : "open",
    "index" : "logstash-sevone-sn-20231111",
    "uuid" : "C79ShGdFSUSMHCcEQBbAhA",
    "pri" : "3",
    "rep" : "1",
    "docs.count" : "6727952",
    "docs.deleted" : "0",
    "store.size" : "5580601",
    "pri.store.size" : "2790199",
    "creation.date" : "1699632268983"
  },
  {
    "health" : "green",
    "status" : "open",
    "index" : "logstash-sevone-sn-20231110",
    "uuid" : "1Htv7BVtTzOPQ89VVqID1w",
    "pri" : "3",
    "rep" : "1",
    "docs.count" : "6521271",
    "docs.deleted" : "0",
    "store.size" : "5474654",
    "pri.store.size" : "2738002",
    "creation.date" : "1699545908581"
  },
  {
    "health" : "green",
    "status" : "open",
    "index" : ".monitoring-es-7-2023.12.10",
    "uuid" : "TfOlhdhzSfq6bMGd0Xbj5w",
    "pri" : "1",
    "rep" : "1",
    "docs.count" : "1385511",
    "docs.deleted" : "25155",
    "store.size" : "1454549",
    "pri.store.size" : "725121",
    "creation.date" : "1702166400068"
  },
  {
    "health" : "green",
    "status" : "open",
    "index" : ".monitoring-es-7-2023.12.11",
    "uuid" : "KeXCUDhOQDCiwJVbWD220g",
    "pri" : "1",
    "rep" : "1",
    "docs.count" : "1409208",
    "docs.deleted" : "9754",
    "store.size" : "1560474",
    "pri.store.size" : "778232",
    "creation.date" : "1702252801703"
  },
  {
    "health" : "green",
    "status" : "open",
    "index" : ".monitoring-es-7-2023.12.12",
    "uuid" : "exOV7QqXRhCPvln92bMpMg",
    "pri" : "1",
    "rep" : "1",
    "docs.count" : "1432656",
    "docs.deleted" : "51912",
    "store.size" : "1642885",
    "pri.store.size" : "819562",
    "creation.date" : "1702339203479"
  },
  {
    "health" : "green",
    "status" : "open",
    "index" : ".monitoring-es-7-2023.12.13",
    "uuid" : "YOOa4RUtQ8OjXKRarFVVHQ",
    "pri" : "1",
    "rep" : "1",
    "docs.count" : "1458676",
    "docs.deleted" : "86673",
    "store.size" : "1694718",
    "pri.store.size" : "849582",
    "creation.date" : "1702425603021"
  },
  {
    "health" : "green",
    "status" : "open",
    "index" : ".monitoring-es-7-2023.12.14",
    "uuid" : "1e5daBikTWWylk0UnuV9xQ",
    "pri" : "1",
    "rep" : "1",
    "docs.count" : "393558",
    "docs.deleted" : "50360",
    "store.size" : "531101",
    "pri.store.size" : "293793",
    "creation.date" : "1702512000070"
  },
  {
    "health" : "green",
    "status" : "open",
    "index" : "logstash-sevone-sn-20231209",
    "uuid" : "GTYopw7LS0iPAAF68Xh3KA",
    "pri" : "3",
    "rep" : "1",
    "docs.count" : "6822268",
    "docs.deleted" : "4",
    "store.size" : "3877810",
    "pri.store.size" : "1920873",
    "creation.date" : "1702051201897"
  },
  {
    "health" : "green",
    "status" : "open",
    "index" : "logstash-sevone-sn-20231205",
    "uuid" : "e4h0jhweSLu3vca93sn8tg",
    "pri" : "3",
    "rep" : "1",
    "docs.count" : "6818689",
    "docs.deleted" : "0",
    "store.size" : "3760954",
    "pri.store.size" : "1880477",
    "creation.date" : "1701705601351"
  },
  {
    "health" : "green",
    "status" : "open",
    "index" : ".monitoring-kibana-7-2023.12.14",
    "uuid" : "59D76Y31R-ypbv5S8O6MhQ",
    "pri" : "1",
    "rep" : "1",
    "docs.count" : "9176",
    "docs.deleted" : "0",
    "store.size" : "11327",
    "pri.store.size" : "3439",
    "creation.date" : "1702512001167"
  },
  {
    "health" : "green",
    "status" : "open",
    "index" : ".monitoring-kibana-7-2023.12.13",
    "uuid" : "5wQBI6qMTC-_H1G3QTIyAQ",
    "pri" : "1",
    "rep" : "1",
    "docs.count" : "34558",
    "docs.deleted" : "0",
    "store.size" : "19458",
    "pri.store.size" : "9770",
    "creation.date" : "1702425603811"
  },
  {
    "health" : "green",
    "status" : "open",
    "index" : ".monitoring-kibana-7-2023.12.12",
    "uuid" : "d3_shbuvTzie-F93pwEbrA",
    "pri" : "1",
    "rep" : "1",
    "docs.count" : "34560",
    "docs.deleted" : "0",
    "store.size" : "16652",
    "pri.store.size" : "8340",
    "creation.date" : "1702339202128"
  },
  {
    "health" : "green",
    "status" : "open",
    "index" : ".monitoring-kibana-7-2023.12.11",
    "uuid" : "OphxUgyzTfier_kfEOI8nQ",
    "pri" : "1",
    "rep" : "1",
    "docs.count" : "34560",
    "docs.deleted" : "0",
    "store.size" : "19548",
    "pri.store.size" : "9816",
    "creation.date" : "1702252800140"
  },
  {
    "health" : "green",
    "status" : "open",
    "index" : ".monitoring-kibana-7-2023.12.10",
    "uuid" : "9_d1tWDaRYqkadkjxmGvcQ",
    "pri" : "1",
    "rep" : "1",
    "docs.count" : "34558",
    "docs.deleted" : "0",
    "store.size" : "19317",
    "pri.store.size" : "9664",
    "creation.date" : "1702166405640"
  },
  {
    "health" : "green",
    "status" : "open",
    "index" : "logstash-sevone-sn-20231206",
    "uuid" : "iE35PIpaR7q99t7HIGZkBw",
    "pri" : "3",
    "rep" : "1",
    "docs.count" : "6818656",
    "docs.deleted" : "0",
    "store.size" : "3758495",
    "pri.store.size" : "1879247",
    "creation.date" : "1701792002393"
  },
  {
    "health" : "green",
    "status" : "open",
    "index" : "logstash-sevone-sn-20231208",
    "uuid" : "weIIOeJ9TDuN0F5WmDthtw",
    "pri" : "3",
    "rep" : "1",
    "docs.count" : "6817258",
    "docs.deleted" : "5044",
    "store.size" : "3872729",
    "pri.store.size" : "1932186",
    "creation.date" : "1701964804293"
  },
  {
    "health" : "green",
    "status" : "open",
    "index" : "logstash-sevone-sn-20231207",
    "uuid" : "fYN8otIxSZGYzJjNr6KCWA",
    "pri" : "3",
    "rep" : "1",
    "docs.count" : "6815000",
    "docs.deleted" : "5816",
    "store.size" : "3857193",
    "pri.store.size" : "1926579",
    "creation.date" : "1701878402942"
  },
  {
    "health" : "green",
    "status" : "open",
    "index" : "logstash-sevone-sn-20231111-test",
    "uuid" : "oQbQ5CG2Sv6rrIOP0PyBAg",
    "pri" : "3",
    "rep" : "1",
    "docs.count" : "101968",
    "docs.deleted" : "0",
    "store.size" : "46248",
    "pri.store.size" : "23071",
    "creation.date" : "1701166507894"
  },
  {
    "health" : "green",
    "status" : "open",
    "index" : "logstash-sevone-sn-20231201",
    "uuid" : "1R4o_pICRvKvKLtlTSuGLg",
    "pri" : "3",
    "rep" : "1",
    "docs.count" : "6829544",
    "docs.deleted" : "0",
    "store.size" : "3770533",
    "pri.store.size" : "1885070",
    "creation.date" : "1701360004586"
  },
  {
    "health" : "green",
    "status" : "open",
    "index" : "logstash-sevone-sn-20231204",
    "uuid" : "7V3VffKHT4Ka2SCHEYrtkg",
    "pri" : "3",
    "rep" : "1",
    "docs.count" : "6820634",
    "docs.deleted" : "0",
    "store.size" : "3761042",
    "pri.store.size" : "1880955",
    "creation.date" : "1701619202524"
  },
  {
    "health" : "green",
    "status" : "open",
    "index" : "logstash-sevone-sn-20231203",
    "uuid" : "5Igz-oomSN60eh4WRkRgsw",
    "pri" : "3",
    "rep" : "1",
    "docs.count" : "6820530",
    "docs.deleted" : "0",
    "store.size" : "3762392",
    "pri.store.size" : "1881352",
    "creation.date" : "1701532801813"
  },
  {
    "health" : "green",
    "status" : "open",
    "index" : "logstash-sevone-sn-20231202",
    "uuid" : "XWuMrMfPSwyYc7YXz-HK8g",
    "pri" : "3",
    "rep" : "1",
    "docs.count" : "6821094",
    "docs.deleted" : "0",
    "store.size" : "3768148",
    "pri.store.size" : "1883990",
    "creation.date" : "1701446406176"
  },
  {
    "health" : "green",
    "status" : "close",
    "index" : "logstash-sevone-sn-20231106",
    "uuid" : "rgwyCgCGToOxQJd4xMdirA",
    "pri" : "3",
    "rep" : "1",
    "docs.count" : null,
    "docs.deleted" : null,
    "store.size" : null,
    "pri.store.size" : null,
    "creation.date" : "1699201328912"
  },
  {
    "health" : "green",
    "status" : "open",
    "index" : "logstash-sevone-sn-20231109",
    "uuid" : "NkYRtl8mTlCzZLsawNN6GQ",
    "pri" : "3",
    "rep" : "1",
    "docs.count" : "6709200",
    "docs.deleted" : "0",
    "store.size" : "5625362",
    "pri.store.size" : "2812668",
    "creation.date" : "1699459240988"
  },
  {
    "health" : "green",
    "status" : "open",
    "index" : "logstash-sevone-sn-20231108",
    "uuid" : "4SEcOI6dRWC4aV0u_UNEKw",
    "pri" : "3",
    "rep" : "1",
    "docs.count" : "6616818",
    "docs.deleted" : "0",
    "store.size" : "5561766",
    "pri.store.size" : "2779045",
    "creation.date" : "1699373443341"
  },
  {
    "health" : "green",
    "status" : "open",
    "index" : "logstash-sevone-sn-20231107",
    "uuid" : "NhtI4QM4TLyFWqrH5prMZA",
    "pri" : "3",
    "rep" : "1",
    "docs.count" : "6631149",
    "docs.deleted" : "0",
    "store.size" : "5571781",
    "pri.store.size" : "2785394",
    "creation.date" : "1699286442289"
  },
  {
    "health" : "green",
    "status" : "close",
    "index" : "logstash-sevone-sn-20231103",
    "uuid" : "isJDD7zJR0q66D3t0wI9Dw",
    "pri" : "3",
    "rep" : "1",
    "docs.count" : null,
    "docs.deleted" : null,
    "store.size" : null,
    "pri.store.size" : null,
    "creation.date" : "1698940805023"
  },
  {
    "health" : "green",
    "status" : "close",
    "index" : "logstash-sevone-sn-20231105",
    "uuid" : "xdhGjZZeQrOcBa8L16I9xQ",
    "pri" : "3",
    "rep" : "1",
    "docs.count" : null,
    "docs.deleted" : null,
    "store.size" : null,
    "pri.store.size" : null,
    "creation.date" : "1699115488543"
  },
  {
    "health" : "green",
    "status" : "close",
    "index" : "logstash-sevone-sn-20231104",
    "uuid" : "HCfK8ZwaQGWLuIauV05EHg",
    "pri" : "3",
    "rep" : "1",
    "docs.count" : null,
    "docs.deleted" : null,
    "store.size" : null,
    "pri.store.size" : null,
    "creation.date" : "1699027299683"
  },
  {
    "health" : "green",
    "status" : "open",
    "index" : "logstash-sevone-sn-20231210-test",
    "uuid" : "uwG0oF9YSOmXEAjXeg5WKQ",
    "pri" : "3",
    "rep" : "1",
    "docs.count" : "1142",
    "docs.deleted" : "0",
    "store.size" : "1407",
    "pri.store.size" : "781",
    "creation.date" : "1702231224660"
  },
  {
    "health" : "green",
    "status" : "close",
    "index" : "logstash-sevone-sn-20231102",
    "uuid" : "6UmZ2qeBRZ-p0Xf8CHiG6Q",
    "pri" : "3",
    "rep" : "1",
    "docs.count" : null,
    "docs.deleted" : null,
    "store.size" : null,
    "pri.store.size" : null,
    "creation.date" : "1698854594971"
  },
  {
    "health" : "green",
    "status" : "close",
    "index" : "logstash-sevone-sn-20231101",
    "uuid" : "paIJBVM2T2aKKEtV1fyjXw",
    "pri" : "3",
    "rep" : "1",
    "docs.count" : null,
    "docs.deleted" : null,
    "store.size" : null,
    "pri.store.size" : null,
    "creation.date" : "1698829266682"
  },
  {
    "health" : "green",
    "status" : "open",
    "index" : ".internal.alerts-observability.metrics.alerts-default-000001",
    "uuid" : "SkqQ6hBzRwix5Y_BKIqm0w",
    "pri" : "1",
    "rep" : "1",
    "docs.count" : "0",
    "docs.deleted" : "0",
    "store.size" : "0",
    "pri.store.size" : "0",
    "creation.date" : "1698817467800"
  },
  {
    "health" : "green",
    "status" : "open",
    "index" : ".monitoring-kibana-7-2023.12.09",
    "uuid" : "V6LfAymkTfSZ_uOqkNJ5qQ",
    "pri" : "1",
    "rep" : "1",
    "docs.count" : "34560",
    "docs.deleted" : "0",
    "store.size" : "19212",
    "pri.store.size" : "9606",
    "creation.date" : "1702080004399"
  },
  {
    "health" : "green",
    "status" : "open",
    "index" : ".monitoring-kibana-7-2023.12.08",
    "uuid" : "Y-sFmXXvSuqP0kKyQ7VWSw",
    "pri" : "1",
    "rep" : "1",
    "docs.count" : "34560",
    "docs.deleted" : "0",
    "store.size" : "19597",
    "pri.store.size" : "11325",
    "creation.date" : "1701993603001"
  },
  {
    "health" : "green",
    "status" : "close",
    "index" : "logstash-atm-sn-20230930",
    "uuid" : "pPXf4_yRQBanjZNl_yxRaQ",
    "pri" : "3",
    "rep" : "1",
    "docs.count" : null,
    "docs.deleted" : null,
    "store.size" : null,
    "pri.store.size" : null,
    "creation.date" : "1700403099059"
  },
  {
    "health" : "green",
    "status" : "open",
    "index" : ".monitoring-es-7-2023.12.09",
    "uuid" : "n3H9-OiTS3KId7IXwiKbKg",
    "pri" : "1",
    "rep" : "1",
    "docs.count" : "1353423",
    "docs.deleted" : "53379",
    "store.size" : "1400688",
    "pri.store.size" : "703128",
    "creation.date" : "1702080000756"
  },
  {
    "health" : "green",
    "status" : "open",
    "index" : ".monitoring-es-7-2023.12.08",
    "uuid" : "Su3trkkvRcynWA-CZ9YOog",
    "pri" : "1",
    "rep" : "1",
    "docs.count" : "1455356",
    "docs.deleted" : "96931",
    "store.size" : "1413401",
    "pri.store.size" : "709406",
    "creation.date" : "1701993600136"
  },
  {
    "health" : "green",
    "status" : "open",
    "index" : "logstash-sevone-sn-20231118-test",
    "uuid" : "DScC0EXUTeO5TgQVIW5ucw",
    "pri" : "3",
    "rep" : "1",
    "docs.count" : "23686",
    "docs.deleted" : "0",
    "store.size" : "14336",
    "pri.store.size" : "7144",
    "creation.date" : "1701172514861"
  },
  {
    "health" : "green",
    "status" : "open",
    "index" : "logstash-sevone-sn-20231209-test",
    "uuid" : "U_tkC6vqRsC0EGNdEQYEzg",
    "pri" : "3",
    "rep" : "1",
    "docs.count" : "1316",
    "docs.deleted" : "0",
    "store.size" : "1053",
    "pri.store.size" : "581",
    "creation.date" : "1702144823941"
  },
  {
    "health" : "green",
    "status" : "open",
    "index" : "logstash-sevone-cal-d-1-202311-test",
    "uuid" : "7sPGhz7GTI2Sn5JE1Ng-9w",
    "pri" : "1",
    "rep" : "1",
    "docs.count" : "12159",
    "docs.deleted" : "0",
    "store.size" : "2344",
    "pri.store.size" : "1146",
    "creation.date" : "1699407530587"
  },
  {
    "health" : "green",
    "status" : "open",
    "index" : "logstash-sevone-sn-20231126-test",
    "uuid" : "oWsigVCzSyS3ICPERuh-jw",
    "pri" : "3",
    "rep" : "1",
    "docs.count" : "988",
    "docs.deleted" : "0",
    "store.size" : "854",
    "pri.store.size" : "427",
    "creation.date" : "1701173216811"
  },
  {
    "health" : "green",
    "status" : "close",
    "index" : "logstash-atm-sn-20230730",
    "uuid" : "6UHtSovESg6zkiOUKgZrPA",
    "pri" : "3",
    "rep" : "1",
    "docs.count" : null,
    "docs.deleted" : null,
    "store.size" : null,
    "pri.store.size" : null,
    "creation.date" : "1699357617834"
  },
  {
    "health" : "green",
    "status" : "open",
    "index" : ".internal.alerts-security.alerts-default-000001",
    "uuid" : "aesURXrcQtih3f5MEJHyRw",
    "pri" : "1",
    "rep" : "1",
    "docs.count" : "0",
    "docs.deleted" : "0",
    "store.size" : "0",
    "pri.store.size" : "0",
    "creation.date" : "1698817468333"
  },
  {
    "health" : "green",
    "status" : "open",
    "index" : ".kibana-observability-ai-assistant-kb-000001",
    "uuid" : "2WizDCweROOUZo-uLQi1uw",
    "pri" : "1",
    "rep" : "1",
    "docs.count" : "0",
    "docs.deleted" : "0",
    "store.size" : "0",
    "pri.store.size" : "0",
    "creation.date" : "1698817470915"
  },
  {
    "health" : "green",
    "status" : "open",
    "index" : "logstash-sevone-cal-h-half-",
    "uuid" : "8CpvA-9HToWf8hTGImckWQ",
    "pri" : "1",
    "rep" : "1",
    "docs.count" : "0",
    "docs.deleted" : "0",
    "store.size" : "0",
    "pri.store.size" : "0",
    "creation.date" : "1699232804399"
  },
  {
    "health" : "green",
    "status" : "close",
    "index" : "logstash-atm-sn-20230729",
    "uuid" : "2ao-CmrrTZGAb-Bvgf9P5Q",
    "pri" : "3",
    "rep" : "1",
    "docs.count" : null,
    "docs.deleted" : null,
    "store.size" : null,
    "pri.store.size" : null,
    "creation.date" : "1699259214324"
  },
  {
    "health" : "green",
    "status" : "open",
    "index" : "logstash-sevone-cal-d-1-",
    "uuid" : "xmbUtD4iTLq8WjxQ0TJ61A",
    "pri" : "1",
    "rep" : "1",
    "docs.count" : "0",
    "docs.deleted" : "0",
    "store.size" : "0",
    "pri.store.size" : "0",
    "creation.date" : "1699232861075"
  },
  {
    "health" : "green",
    "status" : "open",
    "index" : "logstash-sevone-sn-20231114-test",
    "uuid" : "DDP4twnPSeiSEjUxpghmrg",
    "pri" : "3",
    "rep" : "1",
    "docs.count" : "210627",
    "docs.deleted" : "0",
    "store.size" : "83706",
    "pri.store.size" : "41755",
    "creation.date" : "1701169650544"
  },
  {
    "health" : "green",
    "status" : "open",
    "index" : "logstash-sevone-cal-h-2-202312",
    "uuid" : "U4EGmuTkR0OyKXUYSZmBYg",
    "pri" : "1",
    "rep" : "1",
    "docs.count" : "3861767",
    "docs.deleted" : "341858",
    "store.size" : "1171441",
    "pri.store.size" : "587766",
    "creation.date" : "1701389770695"
  },
  {
    "health" : "green",
    "status" : "open",
    "index" : "logstash-sevone-cal-h-2-202311",
    "uuid" : "pB1zl5knRe-pGLPcwAOfnQ",
    "pri" : "1",
    "rep" : "1",
    "docs.count" : "8432152",
    "docs.deleted" : "0",
    "store.size" : "2343695",
    "pri.store.size" : "1172025",
    "creation.date" : "1699248787154"
  },
  {
    "health" : "green",
    "status" : "close",
    "index" : "logstash-sevone-cal-h-2-202310",
    "uuid" : "LZr6iDz0Q0Wkn78AvqrPMw",
    "pri" : "1",
    "rep" : "1",
    "docs.count" : null,
    "docs.deleted" : null,
    "store.size" : null,
    "pri.store.size" : null,
    "creation.date" : "1699241229415"
  },
  {
    "health" : "green",
    "status" : "open",
    "index" : "logstash-sevone-sn-20231205-test",
    "uuid" : "1nY980C8TgCtY38hyEa7JQ",
    "pri" : "3",
    "rep" : "1",
    "docs.count" : "2591",
    "docs.deleted" : "0",
    "store.size" : "1713",
    "pri.store.size" : "856",
    "creation.date" : "1701799231513"
  },
  {
    "health" : "green",
    "status" : "open",
    "index" : "logstash-sevone-sn-20231122-test",
    "uuid" : "eH8k6tubQNm1s7hzvLvKXg",
    "pri" : "3",
    "rep" : "1",
    "docs.count" : "1782",
    "docs.deleted" : "0",
    "store.size" : "1474",
    "pri.store.size" : "739",
    "creation.date" : "1701172975598"
  },
  {
    "health" : "green",
    "status" : "open",
    "index" : "logstash-sevone-sn-20231213-test",
    "uuid" : "NzGspKxsSV6dYPqQIrZ6jw",
    "pri" : "3",
    "rep" : "1",
    "docs.count" : "1764",
    "docs.deleted" : "0",
    "store.size" : "1929",
    "pri.store.size" : "1034",
    "creation.date" : "1702490426428"
  },
  {
    "health" : "green",
    "status" : "open",
    "index" : "logstash-sevone-sn-20231130-test",
    "uuid" : "xvfV6mGAQgWDeuo7a2D-Ew",
    "pri" : "3",
    "rep" : "1",
    "docs.count" : "1740",
    "docs.deleted" : "0",
    "store.size" : "1750",
    "pri.store.size" : "886",
    "creation.date" : "1701367227357"
  },
  {
    "health" : "green",
    "status" : "close",
    "index" : "logstash-sevone-cal-h-2-202309",
    "uuid" : "0ofJpQDsS6mhG0CgjdSV1g",
    "pri" : "1",
    "rep" : "1",
    "docs.count" : null,
    "docs.deleted" : null,
    "store.size" : null,
    "pri.store.size" : null,
    "creation.date" : "1699234535835"
  },
  {
    "health" : "green",
    "status" : "close",
    "index" : "logstash-sevone-cal-h-2-202308",
    "uuid" : "as6wpPF2TzqXXuL1PWl_Xw",
    "pri" : "1",
    "rep" : "1",
    "docs.count" : null,
    "docs.deleted" : null,
    "store.size" : null,
    "pri.store.size" : null,
    "creation.date" : "1699232813937"
  },
  {
    "health" : "green",
    "status" : "open",
    "index" : "logstash-atm-sn-00010101",
    "uuid" : "aMXZaDX9QsirGdPNjQG40g",
    "pri" : "3",
    "rep" : "1",
    "docs.count" : "30",
    "docs.deleted" : "0",
    "store.size" : "285",
    "pri.store.size" : "142",
    "creation.date" : "1700466400347"
  },
  {
    "health" : "green",
    "status" : "open",
    "index" : "logstash-sevone-sn-20231129-test",
    "uuid" : "SFmAIgaXTB6ydvOnaJsuFg",
    "pri" : "3",
    "rep" : "1",
    "docs.count" : "10184",
    "docs.deleted" : "0",
    "store.size" : "4968",
    "pri.store.size" : "2484",
    "creation.date" : "1701280842354"
  },
  {
    "health" : "green",
    "status" : "open",
    "index" : "logstash-sevone-cal-h-half-202312",
    "uuid" : "LnlFAUuhR72Piz5IIKyulA",
    "pri" : "1",
    "rep" : "1",
    "docs.count" : "15430954",
    "docs.deleted" : "2151122",
    "store.size" : "4866873",
    "pri.store.size" : "2431657",
    "creation.date" : "1701388868370"
  },
  {
    "health" : "green",
    "status" : "open",
    "index" : "logstash-sevone-cal-h-half-202311",
    "uuid" : "EiAmZm-lQvaI4PTlHbYIEQ",
    "pri" : "1",
    "rep" : "1",
    "docs.count" : "33529283",
    "docs.deleted" : "0",
    "store.size" : "9357976",
    "pri.store.size" : "4678988",
    "creation.date" : "1699277084072"
  },
  {
    "health" : "green",
    "status" : "close",
    "index" : "logstash-sevone-cal-h-half-202310",
    "uuid" : "qiN57cBJRxGvQh57wqgA1A",
    "pri" : "1",
    "rep" : "1",
    "docs.count" : null,
    "docs.deleted" : null,
    "store.size" : null,
    "pri.store.size" : null,
    "creation.date" : "1699258936326"
  },
  {
    "health" : "green",
    "status" : "open",
    "index" : "logstash-sevone-sn-20231110-test",
    "uuid" : "SrGew0lVQZCbXZ6pxiRiPw",
    "pri" : "3",
    "rep" : "1",
    "docs.count" : "349171",
    "docs.deleted" : "0",
    "store.size" : "124693",
    "pri.store.size" : "62354",
    "creation.date" : "1701164020115"
  },
  {
    "health" : "green",
    "status" : "open",
    "index" : "logstash-sevone-sn-20231201-test",
    "uuid" : "FRjFmIc3TOimO0u3y0HnCQ",
    "pri" : "3",
    "rep" : "1",
    "docs.count" : "376",
    "docs.deleted" : "0",
    "store.size" : "435",
    "pri.store.size" : "217",
    "creation.date" : "1701453625769"
  },
  {
    "health" : "green",
    "status" : "open",
    "index" : "logstash-atm-cal-d-1-",
    "uuid" : "1b7mbzKWRXWtRutxorA7GA",
    "pri" : "1",
    "rep" : "1",
    "docs.count" : "0",
    "docs.deleted" : "0",
    "store.size" : "0",
    "pri.store.size" : "0",
    "creation.date" : "1701774782755"
  },
  {
    "health" : "green",
    "status" : "close",
    "index" : "logstash-sevone-cal-h-half-202309",
    "uuid" : "s3hJXaJkT_iYorqxzY4hCQ",
    "pri" : "1",
    "rep" : "1",
    "docs.count" : null,
    "docs.deleted" : null,
    "store.size" : null,
    "pri.store.size" : null,
    "creation.date" : "1699237701261"
  },
  {
    "health" : "green",
    "status" : "close",
    "index" : "logstash-sevone-cal-h-half-202308",
    "uuid" : "8oUhXWSXS3GVpLKYFpeFEw",
    "pri" : "1",
    "rep" : "1",
    "docs.count" : null,
    "docs.deleted" : null,
    "store.size" : null,
    "pri.store.size" : null,
    "creation.date" : "1699232489093"
  },
  {
    "health" : "green",
    "status" : "open",
    "index" : "logstash-sevone-sn-20231109-test",
    "uuid" : "beE2-5RxSWevSjCBo5qBUw",
    "pri" : "3",
    "rep" : "1",
    "docs.count" : "233993",
    "docs.deleted" : "0",
    "store.size" : "90015",
    "pri.store.size" : "44936",
    "creation.date" : "1701162852035"
  },
  {
    "health" : "green",
    "status" : "open",
    "index" : "logstash-sevone-sn-20231117-test",
    "uuid" : "jlaSZzv1Qq-WCuRwDLXg5w",
    "pri" : "3",
    "rep" : "1",
    "docs.count" : "27512",
    "docs.deleted" : "0",
    "store.size" : "19156",
    "pri.store.size" : "9545",
    "creation.date" : "1701172302959"
  },
  {
    "health" : "green",
    "status" : "open",
    "index" : "logstash-sevone-sn-20231208-test",
    "uuid" : "7zicbIHvQ0eMRB_nBp6UGQ",
    "pri" : "3",
    "rep" : "1",
    "docs.count" : "7478",
    "docs.deleted" : "0",
    "store.size" : "3685",
    "pri.store.size" : "1885",
    "creation.date" : "1702058450918"
  },
  {
    "health" : "green",
    "status" : "open",
    "index" : "logstash-sevone-sn-20231125-test",
    "uuid" : "q4A5aFofRuSnNgGMoCAuXg",
    "pri" : "3",
    "rep" : "1",
    "docs.count" : "1258",
    "docs.deleted" : "0",
    "store.size" : "941",
    "pri.store.size" : "470",
    "creation.date" : "1701173163154"
  },
  {
    "health" : "green",
    "status" : "close",
    "index" : "logstash-sevone-sn-202310",
    "uuid" : "oNVbatI3T7aru8dF5_lJUw",
    "pri" : "3",
    "rep" : "1",
    "docs.count" : null,
    "docs.deleted" : null,
    "store.size" : null,
    "pri.store.size" : null,
    "creation.date" : "1698992568321"
  },
  {
    "health" : "green",
    "status" : "close",
    "index" : "logstash-sevone-sn-202309",
    "uuid" : "XuC69SfeSBSEYT1BjHipMQ",
    "pri" : "3",
    "rep" : "1",
    "docs.count" : null,
    "docs.deleted" : null,
    "store.size" : null,
    "pri.store.size" : null,
    "creation.date" : "1698901916300"
  },
  {
    "health" : "green",
    "status" : "close",
    "index" : "logstash-sevone-sn-202308",
    "uuid" : "QQabDgR3RQ-zCduyoGOJ5w",
    "pri" : "3",
    "rep" : "1",
    "docs.count" : null,
    "docs.deleted" : null,
    "store.size" : null,
    "pri.store.size" : null,
    "creation.date" : "1698826950290"
  },
  {
    "health" : "green",
    "status" : "open",
    "index" : "logstash-atm-cal-h-2-202312",
    "uuid" : "K1ByMrvWRzOwWYZq6tBHWg",
    "pri" : "3",
    "rep" : "1",
    "docs.count" : "17862152",
    "docs.deleted" : "423615",
    "store.size" : "5228257",
    "pri.store.size" : "2617838",
    "creation.date" : "1701778046069"
  },
  {
    "health" : "green",
    "status" : "open",
    "index" : "logstash-sevone-cal-h-2-202311-test",
    "uuid" : "ScbkL1ELRkSZ5vXFTwr5lQ",
    "pri" : "1",
    "rep" : "1",
    "docs.count" : "162504",
    "docs.deleted" : "2102",
    "store.size" : "30672",
    "pri.store.size" : "15336",
    "creation.date" : "1699407521943"
  },
  {
    "health" : "green",
    "status" : "open",
    "index" : "logstash-atm-cal-h-2-202311",
    "uuid" : "pk2ILYuXR6ak14AI0KZ4zg",
    "pri" : "3",
    "rep" : "1",
    "docs.count" : "37950732",
    "docs.deleted" : "0",
    "store.size" : "10585244",
    "pri.store.size" : "5292503",
    "creation.date" : "1700596818088"
  },
  {
    "health" : "green",
    "status" : "close",
    "index" : "logstash-atm-cal-h-2-202310",
    "uuid" : "13hdi3YwRGSb8BFWO0Mqow",
    "pri" : "3",
    "rep" : "1",
    "docs.count" : null,
    "docs.deleted" : null,
    "store.size" : null,
    "pri.store.size" : null,
    "creation.date" : "1700477812208"
  },
  {
    "health" : "green",
    "status" : "open",
    "index" : "logstash-sevone-sn-20231113-test",
    "uuid" : "1r22qFaFQQ6QJvVjvUBjYg",
    "pri" : "3",
    "rep" : "1",
    "docs.count" : "238891",
    "docs.deleted" : "0",
    "store.size" : "91446",
    "pri.store.size" : "45640",
    "creation.date" : "1701168570512"
  },
  {
    "health" : "green",
    "status" : "open",
    "index" : "logstash-sevone-sn-20231204-test",
    "uuid" : "4kVyQy9fSQSQ4RmOGgMeJw",
    "pri" : "3",
    "rep" : "1",
    "docs.count" : "646",
    "docs.deleted" : "0",
    "store.size" : "657",
    "pri.store.size" : "328",
    "creation.date" : "1701712824333"
  },
  {
    "health" : "green",
    "status" : "open",
    "index" : "logstash-sevone-sn-20231121-test",
    "uuid" : "sUL5eXXuTqCZuT32xKXRig",
    "pri" : "3",
    "rep" : "1",
    "docs.count" : "784",
    "docs.deleted" : "0",
    "store.size" : "659",
    "pri.store.size" : "329",
    "creation.date" : "1701172939539"
  },
  {
    "health" : "green",
    "status" : "open",
    "index" : "logstash-sevone-sn-20231212-test",
    "uuid" : "CFJRERS6RhKZEMaPTvCjJQ",
    "pri" : "3",
    "rep" : "1",
    "docs.count" : "1224",
    "docs.deleted" : "0",
    "store.size" : "1217",
    "pri.store.size" : "620",
    "creation.date" : "1702404028314"
  },
  {
    "health" : "green",
    "status" : "close",
    "index" : "logstash-atm-cal-h-2-202309",
    "uuid" : "ahOsM8VdRoqw8tE2HaTsnQ",
    "pri" : "3",
    "rep" : "1",
    "docs.count" : null,
    "docs.deleted" : null,
    "store.size" : null,
    "pri.store.size" : null,
    "creation.date" : "1700472278366"
  },
  {
    "health" : "green",
    "status" : "close",
    "index" : "logstash-atm-cal-h-2-202307",
    "uuid" : "3eY2Bwp2RwmvN0I3wuNkqg",
    "pri" : "3",
    "rep" : "1",
    "docs.count" : null,
    "docs.deleted" : null,
    "store.size" : null,
    "pri.store.size" : null,
    "creation.date" : "1700461644263"
  },
  {
    "health" : "green",
    "status" : "open",
    "index" : ".internal.alerts-observability.apm.alerts-default-000001",
    "uuid" : "1KvtXACaR9C0o3A4kFdbVA",
    "pri" : "1",
    "rep" : "1",
    "docs.count" : "0",
    "docs.deleted" : "0",
    "store.size" : "0",
    "pri.store.size" : "0",
    "creation.date" : "1698817467550"
  },
  {
    "health" : "green",
    "status" : "open",
    "index" : ".internal.alerts-observability.logs.alerts-default-000001",
    "uuid" : "WBxFPj8KTd2_9gGFbAXLlQ",
    "pri" : "1",
    "rep" : "1",
    "docs.count" : "0",
    "docs.deleted" : "0",
    "store.size" : "0",
    "pri.store.size" : "0",
    "creation.date" : "1698817468041"
  },
  {
    "health" : "green",
    "status" : "open",
    "index" : "logstash-sevone-sn-20231128-test",
    "uuid" : "gxdDrkgaQ5SmGh1MKOVOvg",
    "pri" : "3",
    "rep" : "1",
    "docs.count" : "4192",
    "docs.deleted" : "0",
    "store.size" : "2383",
    "pri.store.size" : "1198",
    "creation.date" : "1701222080600"
  },
  {
    "health" : "green",
    "status" : "open",
    "index" : ".internal.alerts-observability.slo.alerts-default-000001",
    "uuid" : "Msc1kUFUTEOWqIab753xxA",
    "pri" : "1",
    "rep" : "1",
    "docs.count" : "0",
    "docs.deleted" : "0",
    "store.size" : "0",
    "pri.store.size" : "0",
    "creation.date" : "1698817467464"
  },
  {
    "health" : "green",
    "status" : "open",
    "index" : "logstash-sevone-cal-h-1-202311-test",
    "uuid" : "jM-IEmb5Sg2DYFWN_RwwSQ",
    "pri" : "1",
    "rep" : "1",
    "docs.count" : "352709",
    "docs.deleted" : "62678",
    "store.size" : "69986",
    "pri.store.size" : "39820",
    "creation.date" : "1699407521689"
  },
  {
    "health" : "green",
    "status" : "open",
    "index" : ".kibana-observability-ai-assistant-conversations-000001",
    "uuid" : "_pIXQ_s9TVOwxVyORhAU-A",
    "pri" : "1",
    "rep" : "1",
    "docs.count" : "0",
    "docs.deleted" : "0",
    "store.size" : "0",
    "pri.store.size" : "0",
    "creation.date" : "1698817469607"
  },
  {
    "health" : "green",
    "status" : "open",
    "index" : "logstash-atm-cal-h-half-202312",
    "uuid" : "QkD7H3aOQeW2dYDcLTGCuA",
    "pri" : "3",
    "rep" : "1",
    "docs.count" : "50618601",
    "docs.deleted" : "439173",
    "store.size" : "14020334",
    "pri.store.size" : "7019389",
    "creation.date" : "1701774160393"
  },
  {
    "health" : "green",
    "status" : "open",
    "index" : "logstash-atm-cal-h-half-202311",
    "uuid" : "EKZAkYs0QTufUB8GaXCqHg",
    "pri" : "3",
    "rep" : "1",
    "docs.count" : "127399243",
    "docs.deleted" : "0",
    "store.size" : "33997789",
    "pri.store.size" : "17001981",
    "creation.date" : "1700799951945"
  },
  {
    "health" : "green",
    "status" : "close",
    "index" : "logstash-atm-cal-h-half-202310",
    "uuid" : "q8DqtnziTMGnkfV6nLWrHg",
    "pri" : "3",
    "rep" : "1",
    "docs.count" : null,
    "docs.deleted" : null,
    "store.size" : null,
    "pri.store.size" : null,
    "creation.date" : "1700505031651"
  },
  {
    "health" : "green",
    "status" : "open",
    "index" : "logstash-sevone-sn-20231108-test",
    "uuid" : "iV4DUPOjSaKeqRuH86R3Jg",
    "pri" : "3",
    "rep" : "1",
    "docs.count" : "327166",
    "docs.deleted" : "0",
    "store.size" : "118575",
    "pri.store.size" : "59324",
    "creation.date" : "1701157108734"
  },
  {
    "health" : "green",
    "status" : "close",
    "index" : "logstash-atm-cal-h-half-202309",
    "uuid" : "2TIwG0P1Q_ujPiholNbNoQ",
    "pri" : "3",
    "rep" : "1",
    "docs.count" : null,
    "docs.deleted" : null,
    "store.size" : null,
    "pri.store.size" : null,
    "creation.date" : "1700490643283"
  },
  {
    "health" : "green",
    "status" : "open",
    "index" : "logstash-sevone-sn-20231116-test",
    "uuid" : "rgBHYZS4TWCHZTrEozSD4A",
    "pri" : "3",
    "rep" : "1",
    "docs.count" : "35646",
    "docs.deleted" : "0",
    "store.size" : "21427",
    "pri.store.size" : "10731",
    "creation.date" : "1701172022232"
  },
  {
    "health" : "green",
    "status" : "open",
    "index" : "logstash-atm-sn-20231130",
    "uuid" : "I9mDl44FSj2p1UOWJZMyQQ",
    "pri" : "3",
    "rep" : "1",
    "docs.count" : "13271104",
    "docs.deleted" : "0",
    "store.size" : "3292907",
    "pri.store.size" : "1646489",
    "creation.date" : "1701273601284"
  },
  {
    "health" : "green",
    "status" : "open",
    "index" : "logstash-sevone-sn-20231207-test",
    "uuid" : "5tZ5mHIYQfOzDB-sVosqmw",
    "pri" : "3",
    "rep" : "1",
    "docs.count" : "7018",
    "docs.deleted" : "0",
    "store.size" : "4017",
    "pri.store.size" : "2008",
    "creation.date" : "1701972058601"
  },
  {
    "health" : "green",
    "status" : "close",
    "index" : "logstash-atm-cal-h-half-202307",
    "uuid" : "dh3IWXjDR3K1dLF-VEmJ6Q",
    "pri" : "3",
    "rep" : "1",
    "docs.count" : null,
    "docs.deleted" : null,
    "store.size" : null,
    "pri.store.size" : null,
    "creation.date" : "1700461636677"
  },
  {
    "health" : "green",
    "status" : "open",
    "index" : ".internal.alerts-stack.alerts-default-000001",
    "uuid" : "7R1gT83uTQ2eYb90atCvPA",
    "pri" : "1",
    "rep" : "1",
    "docs.count" : "0",
    "docs.deleted" : "0",
    "store.size" : "0",
    "pri.store.size" : "0",
    "creation.date" : "1698817468440"
  },
  {
    "health" : "green",
    "status" : "close",
    "index" : "logstash-atm-sn-20231031",
    "uuid" : "EO1h747BQru0m_hFm5ueiQ",
    "pri" : "3",
    "rep" : "1",
    "docs.count" : null,
    "docs.deleted" : null,
    "store.size" : null,
    "pri.store.size" : null,
    "creation.date" : "1700043731385"
  },
  {
    "health" : "green",
    "status" : "open",
    "index" : "logstash-sevone-sn-20231124-test",
    "uuid" : "yb8c7ROQQFqg2TUI08w13A",
    "pri" : "3",
    "rep" : "1",
    "docs.count" : "4272",
    "docs.deleted" : "0",
    "store.size" : "2161",
    "pri.store.size" : "1080",
    "creation.date" : "1701173062614"
  },
  {
    "health" : "green",
    "status" : "close",
    "index" : "logstash-atm-sn-20231030",
    "uuid" : "bKxdL1KWQuK2W-76Swx_3w",
    "pri" : "3",
    "rep" : "1",
    "docs.count" : null,
    "docs.deleted" : null,
    "store.size" : null,
    "pri.store.size" : null,
    "creation.date" : "1700051926574"
  },
  {
    "health" : "green",
    "status" : "open",
    "index" : "logstash-sevone-sn-20231211-test",
    "uuid" : "yo0NfnTwTreGw8M_r7waEQ",
    "pri" : "3",
    "rep" : "1",
    "docs.count" : "253818",
    "docs.deleted" : "0",
    "store.size" : "88272",
    "pri.store.size" : "44341",
    "creation.date" : "1702317626672"
  },
  {
    "health" : "green",
    "status" : "close",
    "index" : "logstash-atm-cal-h-1-202310",
    "uuid" : "E3HXnki2RX6vkHipvc0jBw",
    "pri" : "3",
    "rep" : "1",
    "docs.count" : null,
    "docs.deleted" : null,
    "store.size" : null,
    "pri.store.size" : null,
    "creation.date" : "1700487282126"
  },
  {
    "health" : "green",
    "status" : "open",
    "index" : "logstash-atm-cal-h-1-202311",
    "uuid" : "vPqApjDqRwC0uUEC_2NBHQ",
    "pri" : "3",
    "rep" : "1",
    "docs.count" : "68370646",
    "docs.deleted" : "0",
    "store.size" : "18747466",
    "pri.store.size" : "9374848",
    "creation.date" : "1700674163864"
  },
  {
    "health" : "green",
    "status" : "open",
    "index" : "logstash-atm-cal-h-1-202312",
    "uuid" : "xq6R2kOSQmyDnUeldtcm6g",
    "pri" : "3",
    "rep" : "1",
    "docs.count" : "29280715",
    "docs.deleted" : "482495",
    "store.size" : "8400123",
    "pri.store.size" : "4189699",
    "creation.date" : "1701774141375"
  },
  {
    "health" : "green",
    "status" : "close",
    "index" : "logstash-atm-cal-d-1-202309",
    "uuid" : "m1amBTecQaefiovZm2uvKw",
    "pri" : "3",
    "rep" : "1",
    "docs.count" : null,
    "docs.deleted" : null,
    "store.size" : null,
    "pri.store.size" : null,
    "creation.date" : "1700464739570"
  },
  {
    "health" : "green",
    "status" : "close",
    "index" : "logstash-atm-cal-d-1-202307",
    "uuid" : "_BM6RO3ZQCi0TnYoCBi4Hw",
    "pri" : "3",
    "rep" : "1",
    "docs.count" : null,
    "docs.deleted" : null,
    "store.size" : null,
    "pri.store.size" : null,
    "creation.date" : "1700461490030"
  },
  {
    "health" : "green",
    "status" : "open",
    "index" : "logstash-atm-cal-d-1-202311",
    "uuid" : "VzYk_2x1RquQMNIkabckEQ",
    "pri" : "3",
    "rep" : "1",
    "docs.count" : "6451206",
    "docs.deleted" : "0",
    "store.size" : "1874041",
    "pri.store.size" : "936929",
    "creation.date" : "1700500524875"
  },
  {
    "health" : "green",
    "status" : "close",
    "index" : "logstash-atm-cal-h-1-202307",
    "uuid" : "VV8IAr6VSqmrIxhk44m_Sw",
    "pri" : "3",
    "rep" : "1",
    "docs.count" : null,
    "docs.deleted" : null,
    "store.size" : null,
    "pri.store.size" : null,
    "creation.date" : "1700461641158"
  },
  {
    "health" : "green",
    "status" : "open",
    "index" : "logstash-atm-cal-d-1-202312",
    "uuid" : "ZINdfFg0SK-S2BTs6VMwdg",
    "pri" : "3",
    "rep" : "1",
    "docs.count" : "4176038",
    "docs.deleted" : "110415",
    "store.size" : "1242540",
    "pri.store.size" : "623902",
    "creation.date" : "1701774151704"
  },
  {
    "health" : "green",
    "status" : "close",
    "index" : "logstash-atm-cal-d-1-202310",
    "uuid" : "-EnUg1qaQ1yXGmZ1QR0i_A",
    "pri" : "3",
    "rep" : "1",
    "docs.count" : null,
    "docs.deleted" : null,
    "store.size" : null,
    "pri.store.size" : null,
    "creation.date" : "1700466343806"
  },
  {
    "health" : "green",
    "status" : "close",
    "index" : "logstash-atm-sn-20231029",
    "uuid" : "RSBDJz55SLihGvMWTkf3zg",
    "pri" : "3",
    "rep" : "1",
    "docs.count" : null,
    "docs.deleted" : null,
    "store.size" : null,
    "pri.store.size" : null,
    "creation.date" : "1700051928331"
  },
  {
    "health" : "green",
    "status" : "open",
    "index" : "logstash-atm-sn-20231129",
    "uuid" : "tuYTCtmwTp21yJ7DinveDA",
    "pri" : "3",
    "rep" : "1",
    "docs.count" : "13341996",
    "docs.deleted" : "0",
    "store.size" : "3298546",
    "pri.store.size" : "1649578",
    "creation.date" : "1701187201459"
  },
  {
    "health" : "green",
    "status" : "open",
    "index" : "logstash-atm-sn-20231128",
    "uuid" : "Hllb7-G6S_eNK7MzCJK1qw",
    "pri" : "3",
    "rep" : "1",
    "docs.count" : "13340577",
    "docs.deleted" : "0",
    "store.size" : "3323592",
    "pri.store.size" : "1661972",
    "creation.date" : "1701100801601"
  },
  {
    "health" : "green",
    "status" : "open",
    "index" : "logstash-atm-sn-20231127",
    "uuid" : "VWeQstJWQliMz82lhtWNbQ",
    "pri" : "3",
    "rep" : "1",
    "docs.count" : "13337234",
    "docs.deleted" : "0",
    "store.size" : "3312707",
    "pri.store.size" : "1656302",
    "creation.date" : "1701014401342"
  },
  {
    "health" : "green",
    "status" : "open",
    "index" : "logstash-atm-sn-20231126",
    "uuid" : "JBfeddeUS4S75zERUShqUg",
    "pri" : "3",
    "rep" : "1",
    "docs.count" : "12762579",
    "docs.deleted" : "0",
    "store.size" : "3167013",
    "pri.store.size" : "1583347",
    "creation.date" : "1700928003835"
  },
  {
    "health" : "green",
    "status" : "open",
    "index" : "logstash-atm-sn-20231125",
    "uuid" : "qOSCeQ6HRSabZk1qel9pzA",
    "pri" : "3",
    "rep" : "1",
    "docs.count" : "12702770",
    "docs.deleted" : "0",
    "store.size" : "3159064",
    "pri.store.size" : "1579976",
    "creation.date" : "1700841601379"
  },
  {
    "health" : "green",
    "status" : "open",
    "index" : "logstash-atm-sn-20231124",
    "uuid" : "PEpvX_PoQjazHLXuFfO4hg",
    "pri" : "3",
    "rep" : "1",
    "docs.count" : "13164696",
    "docs.deleted" : "0",
    "store.size" : "3271526",
    "pri.store.size" : "1636107",
    "creation.date" : "1700755204958"
  },
  {
    "health" : "green",
    "status" : "open",
    "index" : "logstash-atm-sn-20231123",
    "uuid" : "sK3Y6MUOQYKXM9Rl2feeiQ",
    "pri" : "3",
    "rep" : "1",
    "docs.count" : "13478102",
    "docs.deleted" : "0",
    "store.size" : "3342916",
    "pri.store.size" : "1671686",
    "creation.date" : "1700668803525"
  },
  {
    "health" : "green",
    "status" : "open",
    "index" : "logstash-atm-sn-20231122",
    "uuid" : "RLZMMsaCQJG00_MkvazKsQ",
    "pri" : "3",
    "rep" : "1",
    "docs.count" : "13611221",
    "docs.deleted" : "0",
    "store.size" : "3376859",
    "pri.store.size" : "1688330",
    "creation.date" : "1700582461170"
  },
  {
    "health" : "green",
    "status" : "open",
    "index" : "logstash-atm-sn-20231121",
    "uuid" : "_v7BheEQRamc6PBfwTIIbA",
    "pri" : "3",
    "rep" : "1",
    "docs.count" : "13553332",
    "docs.deleted" : "0",
    "store.size" : "3390935",
    "pri.store.size" : "1694666",
    "creation.date" : "1700496003838"
  },
  {
    "health" : "green",
    "status" : "open",
    "index" : "logstash-atm-sn-20231120",
    "uuid" : "GOjc1N9fRqiKQENzF7VC4g",
    "pri" : "3",
    "rep" : "1",
    "docs.count" : "13660546",
    "docs.deleted" : "0",
    "store.size" : "3378607",
    "pri.store.size" : "1690202",
    "creation.date" : "1700409603189"
  },
  {
    "health" : "green",
    "status" : "close",
    "index" : "logstash-atm-sn-20231028",
    "uuid" : "zbuAYPBjTji1JaD_X0twvQ",
    "pri" : "3",
    "rep" : "1",
    "docs.count" : null,
    "docs.deleted" : null,
    "store.size" : null,
    "pri.store.size" : null,
    "creation.date" : "1700066832430"
  },
  {
    "health" : "green",
    "status" : "close",
    "index" : "logstash-atm-sn-20231027",
    "uuid" : "hG2vDa81TFKNkzXcBXIQdA",
    "pri" : "3",
    "rep" : "1",
    "docs.count" : null,
    "docs.deleted" : null,
    "store.size" : null,
    "pri.store.size" : null,
    "creation.date" : "1700066834509"
  },
  {
    "health" : "green",
    "status" : "close",
    "index" : "logstash-atm-sn-20231026",
    "uuid" : "p6r9A9ICSw2xxZZkIv3_-g",
    "pri" : "3",
    "rep" : "1",
    "docs.count" : null,
    "docs.deleted" : null,
    "store.size" : null,
    "pri.store.size" : null,
    "creation.date" : "1700097474659"
  },
  {
    "health" : "green",
    "status" : "close",
    "index" : "logstash-atm-sn-20231025",
    "uuid" : "PU27Mik0R5WnVFFpRgSdSA",
    "pri" : "3",
    "rep" : "1",
    "docs.count" : null,
    "docs.deleted" : null,
    "store.size" : null,
    "pri.store.size" : null,
    "creation.date" : "1700097483146"
  },
  {
    "health" : "green",
    "status" : "close",
    "index" : "logstash-atm-sn-20231024",
    "uuid" : "cBC3DGiMQkS7uZP6-wyOZw",
    "pri" : "3",
    "rep" : "1",
    "docs.count" : null,
    "docs.deleted" : null,
    "store.size" : null,
    "pri.store.size" : null,
    "creation.date" : "1700104959864"
  },
  {
    "health" : "green",
    "status" : "close",
    "index" : "logstash-atm-sn-20231023",
    "uuid" : "kmCZwJmTSP-ACXvMeXZPgw",
    "pri" : "3",
    "rep" : "1",
    "docs.count" : null,
    "docs.deleted" : null,
    "store.size" : null,
    "pri.store.size" : null,
    "creation.date" : "1700104961428"
  },
  {
    "health" : "green",
    "status" : "close",
    "index" : "logstash-atm-sn-20231022",
    "uuid" : "R7R7qA03RgSTmEc_U60iHA",
    "pri" : "3",
    "rep" : "1",
    "docs.count" : null,
    "docs.deleted" : null,
    "store.size" : null,
    "pri.store.size" : null,
    "creation.date" : "1700111265310"
  },
  {
    "health" : "green",
    "status" : "close",
    "index" : "logstash-atm-sn-20231021",
    "uuid" : "6kmMP-a-QXKWYhJljd2zOA",
    "pri" : "3",
    "rep" : "1",
    "docs.count" : null,
    "docs.deleted" : null,
    "store.size" : null,
    "pri.store.size" : null,
    "creation.date" : "1700111269009"
  },
  {
    "health" : "green",
    "status" : "close",
    "index" : "logstash-atm-sn-20231020",
    "uuid" : "W22a_U2eS-CV5VFRfWC_lA",
    "pri" : "3",
    "rep" : "1",
    "docs.count" : null,
    "docs.deleted" : null,
    "store.size" : null,
    "pri.store.size" : null,
    "creation.date" : "1700119050205"
  },
  {
    "health" : "green",
    "status" : "close",
    "index" : "logstash-atm-cal-h-1-202309",
    "uuid" : "KGR-gfxLQ9WRZvlTVZtr5g",
    "pri" : "3",
    "rep" : "1",
    "docs.count" : null,
    "docs.deleted" : null,
    "store.size" : null,
    "pri.store.size" : null,
    "creation.date" : "1700478790312"
  },
  {
    "health" : "green",
    "status" : "open",
    "index" : "logstash-sevone-sn-20231119-test",
    "uuid" : "538Dk7a-TXqKopG-exfx5A",
    "pri" : "3",
    "rep" : "1",
    "docs.count" : "772",
    "docs.deleted" : "0",
    "store.size" : "1071",
    "pri.store.size" : "546",
    "creation.date" : "1701172862426"
  },
  {
    "health" : "green",
    "status" : "open",
    "index" : "logstash-sevone-sn-20231203-test",
    "uuid" : "HtF4zQ9ySTqo2xWAjiX_Eg",
    "pri" : "3",
    "rep" : "1",
    "docs.count" : "750",
    "docs.deleted" : "0",
    "store.size" : "709",
    "pri.store.size" : "352",
    "creation.date" : "1701626425121"
  },
  {
    "health" : "green",
    "status" : "close",
    "index" : "logstash-atm-sn-20231019",
    "uuid" : "W-lWquaNRVKIEB2LJ9mZJQ",
    "pri" : "3",
    "rep" : "1",
    "docs.count" : null,
    "docs.deleted" : null,
    "store.size" : null,
    "pri.store.size" : null,
    "creation.date" : "1700119053835"
  },
  {
    "health" : "green",
    "status" : "open",
    "index" : "logstash-sevone-sn-20231112-test",
    "uuid" : "5YRmRN_aTnW3MVnYSowfCA",
    "pri" : "3",
    "rep" : "1",
    "docs.count" : "308471",
    "docs.deleted" : "0",
    "store.size" : "113704",
    "pri.store.size" : "57084",
    "creation.date" : "1701167051727"
  },
  {
    "health" : "green",
    "status" : "open",
    "index" : "logstash-atm-sn-20231117",
    "uuid" : "DUQTU7HYQOGr4M6xMiV2-Q",
    "pri" : "3",
    "rep" : "1",
    "docs.count" : "13706065",
    "docs.deleted" : "0",
    "store.size" : "3378338",
    "pri.store.size" : "1689035",
    "creation.date" : "1700150402836"
  },
  {
    "health" : "green",
    "status" : "open",
    "index" : "logstash-atm-sn-20231118",
    "uuid" : "0S3FDt2_SQKkYdvXrRilpg",
    "pri" : "3",
    "rep" : "1",
    "docs.count" : "13501844",
    "docs.deleted" : "0",
    "store.size" : "3314789",
    "pri.store.size" : "1658485",
    "creation.date" : "1700236802929"
  }
]

