Actions 2024/02/15 17:03:43 Action: delete_indices,Description: forcemerge selected indices_test
Details 2024/02/15 17:03:43 use these filter :[pattern space]
Details 2024/02/15 17:03:43 Delete these indices :[logstash-sevone-sn-20230901-n logstash-sevone-sn-20230826-n logstash-sevone-sn-20230825-n logstash-sevone-sn-20230824-n logstash-sevone-sn-20230823-n logstash-sevone-sn-20230819-n logstash-sevone-sn-20230904-n logstash-sevone-sn-20230829-n logstash-sevone-sn-20230903-n logstash-sevone-sn-20230828-n logstash-sevone-sn-20230902-n logstash-sevone-sn-20230827-n logstash-sevone-sn-20230830-n logstash-sevone-sn-20230822-n logstash-sevone-sn-20230821-n logstash-sevone-sn-20230820-n logstash-sevone-sn-20230831-n]
Test Mode Details 2024/02/15 17:03:43 [logstash-sevone-sn-20230901-n] has already deleted ,Pri: 1,Rep: 1,DocCount: 5690369, DocDelete: 0,StoreSize: 3961600,PriStoreSize: 1980800,CreationDate: 2023-09-01 08:00:38
Test Mode Details 2024/02/15 17:03:43 [logstash-sevone-sn-20230826-n] has already deleted ,Pri: 1,Rep: 1,DocCount: 4133028, DocDelete: 0,StoreSize: 2941649,PriStoreSize: 1470824,CreationDate: 2023-08-26 08:04:57
Test Mode Details 2024/02/15 17:03:43 [logstash-sevone-sn-20230825-n] has already deleted ,Pri: 1,Rep: 1,DocCount: 4131996, DocDelete: 0,StoreSize: 2943914,PriStoreSize: 1471957,CreationDate: 2023-08-25 08:01:46
Test Mode Details 2024/02/15 17:03:43 [logstash-sevone-sn-20230824-n] has already deleted ,Pri: 1,Rep: 1,DocCount: 3818672, DocDelete: 0,StoreSize: 2694034,PriStoreSize: 1347017,CreationDate: 2023-08-24 11:09:31
Test Mode Details 2024/02/15 17:03:43 [logstash-sevone-sn-20230823-n] has already deleted ,Pri: 1,Rep: 1,DocCount: 4085036, DocDelete: 0,StoreSize: 2897363,PriStoreSize: 1448681,CreationDate: 2023-08-23 08:04:39
Test Mode Details 2024/02/15 17:03:43 [logstash-sevone-sn-20230819-n] has already deleted ,Pri: 1,Rep: 1,DocCount: 4113778, DocDelete: 0,StoreSize: 2918590,PriStoreSize: 1459295,CreationDate: 2023-08-19 08:04:23
Test Mode Details 2024/02/15 17:03:43 [logstash-sevone-sn-20230904-n] has already deleted ,Pri: 1,Rep: 1,DocCount: 6619505, DocDelete: 0,StoreSize: 4561359,PriStoreSize: 2280679,CreationDate: 2023-09-04 08:02:29
Test Mode Details 2024/02/15 17:03:43 [logstash-sevone-sn-20230829-n] has already deleted ,Pri: 1,Rep: 1,DocCount: 2337633, DocDelete: 0,StoreSize: 1650449,PriStoreSize: 825224,CreationDate: 2023-08-29 09:00:13
Test Mode Details 2024/02/15 17:03:43 [logstash-sevone-sn-20230903-n] has already deleted ,Pri: 1,Rep: 1,DocCount: 6607830, DocDelete: 0,StoreSize: 4546792,PriStoreSize: 2273396,CreationDate: 2023-09-03 08:00:43
Test Mode Details 2024/02/15 17:03:43 [logstash-sevone-sn-20230828-n] has already deleted ,Pri: 1,Rep: 1,DocCount: 4112187, DocDelete: 0,StoreSize: 2928386,PriStoreSize: 1464193,CreationDate: 2023-08-28 08:01:19
Test Mode Details 2024/02/15 17:03:43 [logstash-sevone-sn-20230902-n] has already deleted ,Pri: 1,Rep: 1,DocCount: 6615980, DocDelete: 0,StoreSize: 4569727,PriStoreSize: 2284863,CreationDate: 2023-09-02 08:00:02
Test Mode Details 2024/02/15 17:03:43 [logstash-sevone-sn-20230827-n] has already deleted ,Pri: 1,Rep: 1,DocCount: 4097088, DocDelete: 0,StoreSize: 2914728,PriStoreSize: 1457364,CreationDate: 2023-08-27 08:00:05
Test Mode Details 2024/02/15 17:03:43 [logstash-sevone-sn-20230830-n] has already deleted ,Pri: 1,Rep: 1,DocCount: 4144540, DocDelete: 0,StoreSize: 2900400,PriStoreSize: 1450200,CreationDate: 2023-08-30 11:37:59
Test Mode Details 2024/02/15 17:03:43 [logstash-sevone-sn-20230822-n] has already deleted ,Pri: 1,Rep: 1,DocCount: 4095670, DocDelete: 0,StoreSize: 2895456,PriStoreSize: 1447728,CreationDate: 2023-08-22 08:02:54
Test Mode Details 2024/02/15 17:03:43 [logstash-sevone-sn-20230821-n] has already deleted ,Pri: 1,Rep: 1,DocCount: 4058017, DocDelete: 0,StoreSize: 2862605,PriStoreSize: 1431302,CreationDate: 2023-08-21 08:03:38
Test Mode Details 2024/02/15 17:03:43 [logstash-sevone-sn-20230820-n] has already deleted ,Pri: 1,Rep: 1,DocCount: 4073415, DocDelete: 0,StoreSize: 2883469,PriStoreSize: 1441734,CreationDate: 2023-08-20 08:00:02
Test Mode Details 2024/02/15 17:03:43 [logstash-sevone-sn-20230831-n] has already deleted ,Pri: 1,Rep: 1,DocCount: 4122143, DocDelete: 0,StoreSize: 2941479,PriStoreSize: 1470739,CreationDate: 2023-08-31 08:01:34
Info 2024/02/15 17:03:43 Pausing for 5 seconds before continuing...
