Actions 2024/06/21 10:42:32 Action: allocation_by_nodeRole,Description: allocation selected indices in selected node to data_warm
Details 2024/06/21 10:42:32 use these filter :[node_role pattern age]
Actions 2024/06/21 10:44:02 Action: allocation_by_nodeRole,Description: allocation selected indices in selected node to data_warm
Details 2024/06/21 10:44:02 use these filter :[node_role pattern age]
Actions 2024/06/21 10:55:01 Action: allocation,Description: allocation selected indices in selected node to data_warm
Details 2024/06/21 10:55:01 use these filter :[node_role pattern age]
Details 2024/06/21 10:55:01 allocation these indices :[logstash-l7_network-20240515] to data_warm 
Info 2024/06/21 10:55:04 Pausing for 20 seconds before continuing...
Actions 2024/06/21 10:56:26 Action: allocation,Description: allocation selected indices in selected node to data_warm
Details 2024/06/21 10:56:26 use these filter :[node_role pattern age]
Details 2024/06/21 10:56:26 allocation these indices :[logstash-l7_network-20240515] to data_cold 
Info 2024/06/21 10:56:32 Pausing for 20 seconds before continuing...
Actions 2024/06/21 11:18:08 Action: allocation,Description: allocation selected indices in selected node to data_warm
Details 2024/06/21 11:18:08 use these filter :[node_role pattern age]
Details 2024/06/21 11:18:08 no match indices
Info 2024/06/21 11:18:08 Pausing for 20 seconds before continuing...
{"level":"INFO","timestamp":"2024-06-21T11:31:01.437+0800","caller":"log_record/log.go:47","msg":"This is an error message","title":"ERROR"}
Actions 2024/06/21 11:31:01 Action: allocation,Description: allocation selected indices in selected node to data_warm
Details 2024/06/21 11:31:01 use these filter :[node_role pattern age]
Details 2024/06/21 11:31:01 no match indices
Info 2024/06/21 11:31:01 Pausing for 20 seconds before continuing...
{"level":"INFO","timestamp":"2024-06-21T12:12:31.942+0800","caller":"log_record/log.go:48","msg":"This is an error message","title":"ERROR"}
{"level":"INFO","timestamp":"2024-06-21T12:12:31.943+0800","caller":"es-curator/main.go:16","msg":"d"}
{"level":"INFO","timestamp":"2024-06-21T12:15:42.537+0800","caller":"log_record/log.go:48","msg":"This is an error message","title":"ERROR"}
{"level":"INFO","timestamp":"2024-06-21T12:15:42.537+0800","caller":"es-curator/main.go:16","msg":"d"}
{"level":"WARN","timestamp":"2024-06-21T12:15:42.538+0800","caller":"es-curator/main.go:17","msg":"ggla"}
{"level":"INFO","timestamp":"2024-06-21T12:18:57.198+0800","caller":"log_record/log.go:48","msg":"This is an error message","title":"ERROR"}
{"level":"INFO","timestamp":"2024-06-21T12:18:57.199+0800","caller":"es-curator/main.go:16","msg":"d"}
{"level":"WARN","timestamp":"2024-06-21T12:18:57.199+0800","caller":"es-curator/main.go:17","msg":"ggla"}
{"level":"INFO","timestamp":"2024-06-21T13:47:56.330+0800","caller":"log_record/log.go:48","msg":"This is an error message","title":"ERROR"}
{"level":"INFO","timestamp":"2024-06-21T13:47:56.331+0800","caller":"es-curator/main.go:16","msg":"d"}
{"level":"WARN","timestamp":"2024-06-21T13:47:56.331+0800","caller":"es-curator/main.go:17","msg":"ggla"}
