Actions 2023/12/25 15:51:53 Action: delete_indices,Description: delete selected indices_test
Details 2023/12/25 15:51:53 use these filter :[age pattern]
Details 2023/12/25 15:51:53 no match indices
Info 2023/12/25 15:51:53 Pausing for 5 seconds before continuing...
Actions 2023/12/25 15:53:26 Action: delete_indices,Description: delete selected indices_test
Details 2023/12/25 15:53:26 use these filter :[pattern]
Details 2023/12/25 15:53:26 Delete these indices :[logstash-sevone-sn-20230901-n logstash-sevone-sn-20231009-s logstash-sevone-sn-20231130 logstash-sevone-sn-20231110-s logstash-sevone-sn-20230909-n logstash-sevone-sn-20231113-test logstash-sevone-sn-20231123 logstash-sevone-sn-20230830-n logstash-sevone-sn-20231122 logstash-sevone-sn-20231121 logstash-sevone-sn-20231001-s logstash-sevone-sn-20231120 logstash-sevone-sn-20231127 logstash-sevone-sn-20230924-s logstash-sevone-sn-20231024-s logstash-sevone-sn-20231126 logstash-sevone-sn-20231125 logstash-sevone-sn-20231124 logstash-sevone-sn-20231129 logstash-sevone-sn-20231128 logstash-sevone-sn-20231127-test logstash-sevone-sn-20231212-test logstash-sevone-sn-20231107-s logstash-sevone-sn-20230913-n logstash-sevone-sn-20231112 logstash-sevone-sn-20231111 logstash-sevone-sn-20231110 logstash-sevone-sn-20231012-s logstash-sevone-sn-20231116 logstash-sevone-sn-20231115 logstash-sevone-sn-20231114 logstash-sevone-sn-20230826-n logstash-sevone-sn-20231113 logstash-sevone-cal-h-1-202310-test logstash-sevone-sn-20231119 logstash-sevone-sn-20231130-test logstash-sevone-sn-20231118 logstash-sevone-sn-20231117 logstash-sevone-cal-h-2-202310-test logstash-sevone-sn-20231111-test logstash-sevone-sn-20231125-test logstash-sevone-sn-20230923-n logstash-sevone-sn-00010101-test logstash-sevone-sn-20231222 logstash-sevone-sn-20230908-n logstash-sevone-sn-20231221 logstash-sevone-sn-20231002-s logstash-sevone-sn-20231220 logstash-sevone-sn-20231210-test logstash-sevone-sn-20230923-s logstash-sevone-sn-20231225 logstash-sevone-sn-20231025-s logstash-sevone-sn-20231224 logstash-sevone-sn-20231223 logstash-sevone-cal-d-1- logstash-sevone-sn-20231028-s-test logstash-atm-cal-h-half-202312 logstash-atm-cal-h-half-202311 logstash-atm-sn-00010101 logstash-atm-cal-h-half-202310 logstash-sevone-sn-20230912-n logstash-sevone-sn-20231115-test logstash-sevone-sn-20231209-test logstash-sevone-sn-20231211 logstash-sevone-sn-20231210 logstash-sevone-sn-20231215 logstash-sevone-sn-20231013-s logstash-sevone-sn-20231214 logstash-sevone-sn-20230825-n logstash-sevone-sn-20231213 logstash-sevone-sn-20231212 logstash-sevone-sn-20231219 logstash-sevone-sn-20231218 logstash-sevone-sn-20231108-s logstash-sevone-sn-20231217 logstash-sevone-sn-20231216 logstash-sevone-sn-20231103-s-test logstash-sevone-sn-20231205-test logstash-sevone-cal-h-2-202312 logstash-sevone-sn-20230922-n logstash-sevone-cal-h-2-202311 logstash-sevone-cal-h-2-202310 logstash-atm-cal-h-1- logstash-sevone-sn-20231204 logstash-sevone-sn-20231007-s logstash-sevone-sn-20231203 logstash-sevone-sn-20230907-n logstash-sevone-sn-20231121-test logstash-sevone-sn-20231202 logstash-sevone-sn-20231201 logstash-sevone-sn-20231208 logstash-sevone-sn-20231207 logstash-sevone-sn-20231206 logstash-sevone-sn-20231022-s logstash-sevone-sn-20231205 logstash-sevone-sn-20230907-s logstash-sevone-sn-20231209 logstash-sevone-sn-20230905 logstash-sevone-sn-20231204-test logstash-sevone-sn-20231105-s logstash-sevone-sn-20230911-n logstash-sevone-sn-20230919-n logstash-sevone-sn-20231018-s logstash-sevone-cal-h-half- logstash-sevone-sn-20230824-n logstash-sevone-sn-20231010-s logstash-sevone-cal-h-1- logstash-sevone-sn-20231117-test logstash-sevone-sn-20230921-n logstash-atm-sn-20231204 logstash-atm-sn-20231203 logstash-atm-sn-20231202 logstash-sevone-sn-20230906-s logstash-atm-sn-20231201 logstash-sevone-sn-20231110-test logstash-sevone-sn-20231023-s logstash-sevone-sn-20231008-s logstash-sevone-sn-20231026-s-test logstash-atm-sn-20231209 logstash-atm-sn-20231208 logstash-atm-sn-20231207 logstash-sevone-sn-20231029-s-test logstash-atm-sn-20231206 logstash-sevone-sn-20230929-s logstash-atm-sn-20231205 logstash-sevone-cal-h-2- logstash-sevone-sn-20231106-s logstash-sevone-sn-20231126-test logstash-sevone-sn-20231120-test logstash-sevone-sn-20230910-n logstash-atm-sn-20231215 logstash-atm-sn-20231214 logstash-atm-sn-20231213 logstash-atm-cal-h-2- logstash-atm-sn-20231212 logstash-sevone-sn-20231019-s logstash-sevone-sn-20230823-n logstash-atm-sn-20231211 logstash-atm-sn-20231210 logstash-sevone-sn-20230918-n logstash-sevone-sn-20231011-s logstash-atm-sn-20231219 logstash-atm-sn-20231218 logstash-atm-sn-20231217 logstash-atm-sn-20231216 logstash-atm-cal-d-1- logstash-sevone-sn-20230819-n logstash-sevone-sn-20230920-n logstash-sevone-sn-20231128-test logstash-atm-sn-20231105 logstash-atm-sn-20231104 logstash-atm-sn-20231225 logstash-sevone-sn-20230928-s logstash-sevone-sn-20231028-s logstash-atm-sn-20231103 logstash-atm-sn-20231224 logstash-atm-sn-20231102 logstash-atm-sn-20231223 logstash-sevone-sn-20230905-s logstash-atm-sn-20231101 logstash-atm-sn-20231222 logstash-sevone-sn-20230905-n logstash-atm-sn-20231221 logstash-atm-sn-20231220 logstash-sevone-sn-20231005-s logstash-sevone-sn-20231020-s logstash-sevone-cal-d-1-202308 logstash-sevone-cal-d-1-202309 logstash-atm-sn-20231109 logstash-atm-sn-20231108 logstash-atm-sn-20231107 logstash-atm-sn-20231106 logstash-sevone-sn-20231103-s logstash-sevone-sn-20231201-test logstash-atm-sn-20231116 logstash-sevone-sn-20231016-s logstash-atm-sn-20231115 logstash-sevone-cal-d-1-202310 logstash-atm-sn-20231114 logstash-sevone-cal-d-1-202311 logstash-atm-sn-20231113 logstash-sevone-cal-d-1-202312 logstash-sevone-sn-20230822-n logstash-atm-sn-20231112 logstash-sevone-sn-20230917-n logstash-atm-sn-20231111 logstash-atm-sn-20231110 logstash-sevone-sn-20231031-s logstash-atm-sn-20231119 logstash-sevone-sn-20231102-s-test logstash-atm-sn-20231118 logstash-atm-sn-20231117 logstash-atm-sn-20231130 logstash-sevone-cal-h-half-202310-test logstash-atm-sn-20231127 logstash-sevone-sn-20230927-s logstash-atm-sn-20231126 logstash-atm-sn-20231125 logstash-sevone-sn-20231029-s logstash-atm-sn-20231124 logstash-atm-cal-h-2-202310 logstash-atm-sn-20231123 logstash-atm-cal-h-2-202311 logstash-atm-sn-20231122 logstash-sevone-sn-20230904-n logstash-atm-cal-h-2-202312 logstash-atm-sn-20231121 logstash-sevone-sn-20231006-s logstash-atm-sn-20231120 logstash-sevone-sn-20231021-s logstash-sevone-sn-20231124-test logstash-atm-sn-20231129 logstash-sevone-sn-20231027-s-test logstash-atm-sn-20231128 logstash-sevone-sn-20231118-test logstash-sevone-sn-20231104-s logstash-atm-sn-20231020 logstash-sevone-sn-20230829-n logstash-sevone-sn-20231112-test logstash-atm-sn-20231017 logstash-atm-sn-20231016 logstash-sevone-cal-h-2-202309 logstash-sevone-sn-20231017-s logstash-sevone-cal-h-2-202308 logstash-sevone-sn-20230821-n logstash-sevone-sn-20231206-test logstash-atm-sn-20231010 logstash-sevone-sn-20230916-n logstash-atm-sn-20231019 logstash-atm-sn-20231018 logstash-sevone-sn-20231203-test logstash-sevone-sn-20231122-test logstash-atm-sn-20231031 logstash-sevone-cal-h-1-202310 logstash-atm-sn-20231030 logstash-sevone-sn-20230903-n logstash-sevone-cal-h-1-202312 logstash-chief-test-20230926 logstash-sevone-cal-h-1-202311 logstash-atm-sn-20231028 logstash-sevone-cal-h-half-202311 logstash-sevone-sn-20231031-s-test logstash-atm-sn-20231027 logstash-sevone-cal-h-half-202312 logstash-sevone-sn-20231003-s logstash-atm-sn-20231026 logstash-sevone-sn-20231030-s-test logstash-atm-sn-20231025 logstash-sevone-sn-20230926-s logstash-sevone-cal-h-half-202310 logstash-atm-sn-20231024 logstash-atm-sn-20231023 logstash-atm-sn-20231022 logstash-atm-sn-20231021 logstash-sevone-sn-20231026-s logstash-sevone-sn-20231119-test logstash-atm-sn-20231029 logstash-atm-cal-d-1-202310 logstash-sevone-sn-20231101-s logstash-atm-cal-d-1-202312 logstash-atm-cal-d-1-202311 logstash-sevone-sn-20230828-n logstash-sevone-sn-20230930-s logstash-sevone-sn-20231207-test logstash-sevone-sn-20230820-n logstash-sevone-cal-d-1-202310-test logstash-sevone-cal-h-1-202309 logstash-sevone-cal-h-1-202308 logstash-sevone-sn-20230915-n logstash-sevone-sn-20231014-s logstash-sevone-cal-h-half-202308 logstash-sevone-cal-h-half-202309 logstash-sevone-sn-20231109-s logstash-atm-cal-h-half- logstash-sevone-sn-20231202-test logstash-sevone-sn-20230902-n logstash-sevone-sn-20230831-n logstash-sevone-sn-20231004-s logstash-sevone-sn-20231027-s logstash-sevone-sn-20230925-s logstash-atm-cal-h-1-202312 logstash-atm-cal-h-1-202311 logstash-atm-cal-h-1-202310 logstash-sevone-sn-20231208-test logstash-sevone-sn-20231102-s logstash-sevone-sn-20230827-n logstash-sevone-sn-20230914-n logstash-sevone-sn-00010101 logstash-sevone-sn-20231123-test logstash-sevone-sn-20231101-s-test logstash-sevone-sn-20231015-s logstash-sevone-sn-20231030-s logstash-sevone-sn-20231129-test logstash-sevone-sn-20231211-test]
Test Mode Details 2023/12/25 15:53:26 [logstash-sevone-sn-20230901-n] has already deleted
Test Mode Details 2023/12/25 15:53:26 [logstash-sevone-sn-20231009-s] has already deleted
Test Mode Details 2023/12/25 15:53:26 [logstash-sevone-sn-20231130] has already deleted
Test Mode Details 2023/12/25 15:53:26 [logstash-sevone-sn-20231110-s] has already deleted
Test Mode Details 2023/12/25 15:53:26 [logstash-sevone-sn-20230909-n] has already deleted
Test Mode Details 2023/12/25 15:53:26 [logstash-sevone-sn-20231113-test] has already deleted
Test Mode Details 2023/12/25 15:53:26 [logstash-sevone-sn-20231123] has already deleted
Test Mode Details 2023/12/25 15:53:26 [logstash-sevone-sn-20230830-n] has already deleted
Test Mode Details 2023/12/25 15:53:26 [logstash-sevone-sn-20231122] has already deleted
Test Mode Details 2023/12/25 15:53:26 [logstash-sevone-sn-20231121] has already deleted
Test Mode Details 2023/12/25 15:53:26 [logstash-sevone-sn-20231001-s] has already deleted
Test Mode Details 2023/12/25 15:53:26 [logstash-sevone-sn-20231120] has already deleted
Test Mode Details 2023/12/25 15:53:26 [logstash-sevone-sn-20231127] has already deleted
Test Mode Details 2023/12/25 15:53:26 [logstash-sevone-sn-20230924-s] has already deleted
Test Mode Details 2023/12/25 15:53:26 [logstash-sevone-sn-20231024-s] has already deleted
Test Mode Details 2023/12/25 15:53:26 [logstash-sevone-sn-20231126] has already deleted
Test Mode Details 2023/12/25 15:53:26 [logstash-sevone-sn-20231125] has already deleted
Test Mode Details 2023/12/25 15:53:26 [logstash-sevone-sn-20231124] has already deleted
Test Mode Details 2023/12/25 15:53:26 [logstash-sevone-sn-20231129] has already deleted
Test Mode Details 2023/12/25 15:53:26 [logstash-sevone-sn-20231128] has already deleted
Test Mode Details 2023/12/25 15:53:26 [logstash-sevone-sn-20231127-test] has already deleted
Test Mode Details 2023/12/25 15:53:26 [logstash-sevone-sn-20231212-test] has already deleted
Test Mode Details 2023/12/25 15:53:26 [logstash-sevone-sn-20231107-s] has already deleted
Test Mode Details 2023/12/25 15:53:26 [logstash-sevone-sn-20230913-n] has already deleted
Test Mode Details 2023/12/25 15:53:26 [logstash-sevone-sn-20231112] has already deleted
Test Mode Details 2023/12/25 15:53:26 [logstash-sevone-sn-20231111] has already deleted
Test Mode Details 2023/12/25 15:53:26 [logstash-sevone-sn-20231110] has already deleted
Test Mode Details 2023/12/25 15:53:26 [logstash-sevone-sn-20231012-s] has already deleted
Test Mode Details 2023/12/25 15:53:26 [logstash-sevone-sn-20231116] has already deleted
Test Mode Details 2023/12/25 15:53:26 [logstash-sevone-sn-20231115] has already deleted
Test Mode Details 2023/12/25 15:53:26 [logstash-sevone-sn-20231114] has already deleted
Test Mode Details 2023/12/25 15:53:26 [logstash-sevone-sn-20230826-n] has already deleted
Test Mode Details 2023/12/25 15:53:26 [logstash-sevone-sn-20231113] has already deleted
Test Mode Details 2023/12/25 15:53:26 [logstash-sevone-cal-h-1-202310-test] has already deleted
Test Mode Details 2023/12/25 15:53:26 [logstash-sevone-sn-20231119] has already deleted
Test Mode Details 2023/12/25 15:53:26 [logstash-sevone-sn-20231130-test] has already deleted
Test Mode Details 2023/12/25 15:53:26 [logstash-sevone-sn-20231118] has already deleted
Test Mode Details 2023/12/25 15:53:26 [logstash-sevone-sn-20231117] has already deleted
Test Mode Details 2023/12/25 15:53:26 [logstash-sevone-cal-h-2-202310-test] has already deleted
Test Mode Details 2023/12/25 15:53:26 [logstash-sevone-sn-20231111-test] has already deleted
Test Mode Details 2023/12/25 15:53:26 [logstash-sevone-sn-20231125-test] has already deleted
Test Mode Details 2023/12/25 15:53:26 [logstash-sevone-sn-20230923-n] has already deleted
Test Mode Details 2023/12/25 15:53:26 [logstash-sevone-sn-00010101-test] has already deleted
Test Mode Details 2023/12/25 15:53:26 [logstash-sevone-sn-20231222] has already deleted
Test Mode Details 2023/12/25 15:53:26 [logstash-sevone-sn-20230908-n] has already deleted
Test Mode Details 2023/12/25 15:53:26 [logstash-sevone-sn-20231221] has already deleted
Test Mode Details 2023/12/25 15:53:26 [logstash-sevone-sn-20231002-s] has already deleted
Test Mode Details 2023/12/25 15:53:26 [logstash-sevone-sn-20231220] has already deleted
Test Mode Details 2023/12/25 15:53:26 [logstash-sevone-sn-20231210-test] has already deleted
Test Mode Details 2023/12/25 15:53:26 [logstash-sevone-sn-20230923-s] has already deleted
Test Mode Details 2023/12/25 15:53:26 [logstash-sevone-sn-20231225] has already deleted
Test Mode Details 2023/12/25 15:53:26 [logstash-sevone-sn-20231025-s] has already deleted
Test Mode Details 2023/12/25 15:53:26 [logstash-sevone-sn-20231224] has already deleted
Test Mode Details 2023/12/25 15:53:26 [logstash-sevone-sn-20231223] has already deleted
Test Mode Details 2023/12/25 15:53:26 [logstash-sevone-cal-d-1-] has already deleted
Test Mode Details 2023/12/25 15:53:26 [logstash-sevone-sn-20231028-s-test] has already deleted
Test Mode Details 2023/12/25 15:53:26 [logstash-atm-cal-h-half-202312] has already deleted
Test Mode Details 2023/12/25 15:53:26 [logstash-atm-cal-h-half-202311] has already deleted
Test Mode Details 2023/12/25 15:53:26 [logstash-atm-sn-00010101] has already deleted
Test Mode Details 2023/12/25 15:53:26 [logstash-atm-cal-h-half-202310] has already deleted
Test Mode Details 2023/12/25 15:53:26 [logstash-sevone-sn-20230912-n] has already deleted
Test Mode Details 2023/12/25 15:53:26 [logstash-sevone-sn-20231115-test] has already deleted
Test Mode Details 2023/12/25 15:53:26 [logstash-sevone-sn-20231209-test] has already deleted
Test Mode Details 2023/12/25 15:53:26 [logstash-sevone-sn-20231211] has already deleted
Test Mode Details 2023/12/25 15:53:26 [logstash-sevone-sn-20231210] has already deleted
Test Mode Details 2023/12/25 15:53:26 [logstash-sevone-sn-20231215] has already deleted
Test Mode Details 2023/12/25 15:53:26 [logstash-sevone-sn-20231013-s] has already deleted
Test Mode Details 2023/12/25 15:53:26 [logstash-sevone-sn-20231214] has already deleted
Test Mode Details 2023/12/25 15:53:26 [logstash-sevone-sn-20230825-n] has already deleted
Test Mode Details 2023/12/25 15:53:26 [logstash-sevone-sn-20231213] has already deleted
Test Mode Details 2023/12/25 15:53:26 [logstash-sevone-sn-20231212] has already deleted
Test Mode Details 2023/12/25 15:53:26 [logstash-sevone-sn-20231219] has already deleted
Test Mode Details 2023/12/25 15:53:26 [logstash-sevone-sn-20231218] has already deleted
Test Mode Details 2023/12/25 15:53:26 [logstash-sevone-sn-20231108-s] has already deleted
Test Mode Details 2023/12/25 15:53:26 [logstash-sevone-sn-20231217] has already deleted
Test Mode Details 2023/12/25 15:53:26 [logstash-sevone-sn-20231216] has already deleted
Test Mode Details 2023/12/25 15:53:26 [logstash-sevone-sn-20231103-s-test] has already deleted
Test Mode Details 2023/12/25 15:53:26 [logstash-sevone-sn-20231205-test] has already deleted
Test Mode Details 2023/12/25 15:53:26 [logstash-sevone-cal-h-2-202312] has already deleted
Test Mode Details 2023/12/25 15:53:26 [logstash-sevone-sn-20230922-n] has already deleted
Test Mode Details 2023/12/25 15:53:26 [logstash-sevone-cal-h-2-202311] has already deleted
Test Mode Details 2023/12/25 15:53:26 [logstash-sevone-cal-h-2-202310] has already deleted
Test Mode Details 2023/12/25 15:53:26 [logstash-atm-cal-h-1-] has already deleted
Test Mode Details 2023/12/25 15:53:26 [logstash-sevone-sn-20231204] has already deleted
Test Mode Details 2023/12/25 15:53:26 [logstash-sevone-sn-20231007-s] has already deleted
Test Mode Details 2023/12/25 15:53:26 [logstash-sevone-sn-20231203] has already deleted
Test Mode Details 2023/12/25 15:53:26 [logstash-sevone-sn-20230907-n] has already deleted
Test Mode Details 2023/12/25 15:53:26 [logstash-sevone-sn-20231121-test] has already deleted
Test Mode Details 2023/12/25 15:53:26 [logstash-sevone-sn-20231202] has already deleted
Test Mode Details 2023/12/25 15:53:26 [logstash-sevone-sn-20231201] has already deleted
Test Mode Details 2023/12/25 15:53:26 [logstash-sevone-sn-20231208] has already deleted
Test Mode Details 2023/12/25 15:53:26 [logstash-sevone-sn-20231207] has already deleted
Test Mode Details 2023/12/25 15:53:26 [logstash-sevone-sn-20231206] has already deleted
Test Mode Details 2023/12/25 15:53:26 [logstash-sevone-sn-20231022-s] has already deleted
Test Mode Details 2023/12/25 15:53:26 [logstash-sevone-sn-20231205] has already deleted
Test Mode Details 2023/12/25 15:53:26 [logstash-sevone-sn-20230907-s] has already deleted
Test Mode Details 2023/12/25 15:53:26 [logstash-sevone-sn-20231209] has already deleted
Test Mode Details 2023/12/25 15:53:26 [logstash-sevone-sn-20230905] has already deleted
Test Mode Details 2023/12/25 15:53:26 [logstash-sevone-sn-20231204-test] has already deleted
Test Mode Details 2023/12/25 15:53:26 [logstash-sevone-sn-20231105-s] has already deleted
Test Mode Details 2023/12/25 15:53:26 [logstash-sevone-sn-20230911-n] has already deleted
Test Mode Details 2023/12/25 15:53:26 [logstash-sevone-sn-20230919-n] has already deleted
Test Mode Details 2023/12/25 15:53:26 [logstash-sevone-sn-20231018-s] has already deleted
Test Mode Details 2023/12/25 15:53:26 [logstash-sevone-cal-h-half-] has already deleted
Test Mode Details 2023/12/25 15:53:26 [logstash-sevone-sn-20230824-n] has already deleted
Test Mode Details 2023/12/25 15:53:26 [logstash-sevone-sn-20231010-s] has already deleted
Test Mode Details 2023/12/25 15:53:26 [logstash-sevone-cal-h-1-] has already deleted
Test Mode Details 2023/12/25 15:53:26 [logstash-sevone-sn-20231117-test] has already deleted
Test Mode Details 2023/12/25 15:53:26 [logstash-sevone-sn-20230921-n] has already deleted
Test Mode Details 2023/12/25 15:53:26 [logstash-atm-sn-20231204] has already deleted
Test Mode Details 2023/12/25 15:53:26 [logstash-atm-sn-20231203] has already deleted
Test Mode Details 2023/12/25 15:53:26 [logstash-atm-sn-20231202] has already deleted
Test Mode Details 2023/12/25 15:53:26 [logstash-sevone-sn-20230906-s] has already deleted
Test Mode Details 2023/12/25 15:53:26 [logstash-atm-sn-20231201] has already deleted
Test Mode Details 2023/12/25 15:53:26 [logstash-sevone-sn-20231110-test] has already deleted
Test Mode Details 2023/12/25 15:53:26 [logstash-sevone-sn-20231023-s] has already deleted
Test Mode Details 2023/12/25 15:53:26 [logstash-sevone-sn-20231008-s] has already deleted
Test Mode Details 2023/12/25 15:53:26 [logstash-sevone-sn-20231026-s-test] has already deleted
Test Mode Details 2023/12/25 15:53:26 [logstash-atm-sn-20231209] has already deleted
Test Mode Details 2023/12/25 15:53:26 [logstash-atm-sn-20231208] has already deleted
Test Mode Details 2023/12/25 15:53:26 [logstash-atm-sn-20231207] has already deleted
Test Mode Details 2023/12/25 15:53:26 [logstash-sevone-sn-20231029-s-test] has already deleted
Test Mode Details 2023/12/25 15:53:26 [logstash-atm-sn-20231206] has already deleted
Test Mode Details 2023/12/25 15:53:26 [logstash-sevone-sn-20230929-s] has already deleted
Test Mode Details 2023/12/25 15:53:26 [logstash-atm-sn-20231205] has already deleted
Test Mode Details 2023/12/25 15:53:26 [logstash-sevone-cal-h-2-] has already deleted
Test Mode Details 2023/12/25 15:53:26 [logstash-sevone-sn-20231106-s] has already deleted
Test Mode Details 2023/12/25 15:53:26 [logstash-sevone-sn-20231126-test] has already deleted
Test Mode Details 2023/12/25 15:53:26 [logstash-sevone-sn-20231120-test] has already deleted
Test Mode Details 2023/12/25 15:53:26 [logstash-sevone-sn-20230910-n] has already deleted
Test Mode Details 2023/12/25 15:53:26 [logstash-atm-sn-20231215] has already deleted
Test Mode Details 2023/12/25 15:53:26 [logstash-atm-sn-20231214] has already deleted
Test Mode Details 2023/12/25 15:53:26 [logstash-atm-sn-20231213] has already deleted
Test Mode Details 2023/12/25 15:53:26 [logstash-atm-cal-h-2-] has already deleted
Test Mode Details 2023/12/25 15:53:26 [logstash-atm-sn-20231212] has already deleted
Test Mode Details 2023/12/25 15:53:26 [logstash-sevone-sn-20231019-s] has already deleted
Test Mode Details 2023/12/25 15:53:26 [logstash-sevone-sn-20230823-n] has already deleted
Test Mode Details 2023/12/25 15:53:26 [logstash-atm-sn-20231211] has already deleted
Test Mode Details 2023/12/25 15:53:26 [logstash-atm-sn-20231210] has already deleted
Test Mode Details 2023/12/25 15:53:26 [logstash-sevone-sn-20230918-n] has already deleted
Test Mode Details 2023/12/25 15:53:26 [logstash-sevone-sn-20231011-s] has already deleted
Test Mode Details 2023/12/25 15:53:26 [logstash-atm-sn-20231219] has already deleted
Test Mode Details 2023/12/25 15:53:26 [logstash-atm-sn-20231218] has already deleted
Test Mode Details 2023/12/25 15:53:26 [logstash-atm-sn-20231217] has already deleted
Test Mode Details 2023/12/25 15:53:26 [logstash-atm-sn-20231216] has already deleted
Test Mode Details 2023/12/25 15:53:26 [logstash-atm-cal-d-1-] has already deleted
Test Mode Details 2023/12/25 15:53:26 [logstash-sevone-sn-20230819-n] has already deleted
Test Mode Details 2023/12/25 15:53:26 [logstash-sevone-sn-20230920-n] has already deleted
Test Mode Details 2023/12/25 15:53:26 [logstash-sevone-sn-20231128-test] has already deleted
Test Mode Details 2023/12/25 15:53:26 [logstash-atm-sn-20231105] has already deleted
Test Mode Details 2023/12/25 15:53:26 [logstash-atm-sn-20231104] has already deleted
Test Mode Details 2023/12/25 15:53:26 [logstash-atm-sn-20231225] has already deleted
Test Mode Details 2023/12/25 15:53:26 [logstash-sevone-sn-20230928-s] has already deleted
Test Mode Details 2023/12/25 15:53:26 [logstash-sevone-sn-20231028-s] has already deleted
Test Mode Details 2023/12/25 15:53:26 [logstash-atm-sn-20231103] has already deleted
Test Mode Details 2023/12/25 15:53:26 [logstash-atm-sn-20231224] has already deleted
Test Mode Details 2023/12/25 15:53:26 [logstash-atm-sn-20231102] has already deleted
Test Mode Details 2023/12/25 15:53:26 [logstash-atm-sn-20231223] has already deleted
Test Mode Details 2023/12/25 15:53:26 [logstash-sevone-sn-20230905-s] has already deleted
Test Mode Details 2023/12/25 15:53:26 [logstash-atm-sn-20231101] has already deleted
Test Mode Details 2023/12/25 15:53:26 [logstash-atm-sn-20231222] has already deleted
Test Mode Details 2023/12/25 15:53:26 [logstash-sevone-sn-20230905-n] has already deleted
Test Mode Details 2023/12/25 15:53:26 [logstash-atm-sn-20231221] has already deleted
Test Mode Details 2023/12/25 15:53:26 [logstash-atm-sn-20231220] has already deleted
Test Mode Details 2023/12/25 15:53:26 [logstash-sevone-sn-20231005-s] has already deleted
Test Mode Details 2023/12/25 15:53:26 [logstash-sevone-sn-20231020-s] has already deleted
Test Mode Details 2023/12/25 15:53:26 [logstash-sevone-cal-d-1-202308] has already deleted
Test Mode Details 2023/12/25 15:53:26 [logstash-sevone-cal-d-1-202309] has already deleted
Test Mode Details 2023/12/25 15:53:26 [logstash-atm-sn-20231109] has already deleted
Test Mode Details 2023/12/25 15:53:26 [logstash-atm-sn-20231108] has already deleted
Test Mode Details 2023/12/25 15:53:26 [logstash-atm-sn-20231107] has already deleted
Test Mode Details 2023/12/25 15:53:26 [logstash-atm-sn-20231106] has already deleted
Test Mode Details 2023/12/25 15:53:26 [logstash-sevone-sn-20231103-s] has already deleted
Test Mode Details 2023/12/25 15:53:26 [logstash-sevone-sn-20231201-test] has already deleted
Test Mode Details 2023/12/25 15:53:26 [logstash-atm-sn-20231116] has already deleted
Test Mode Details 2023/12/25 15:53:26 [logstash-sevone-sn-20231016-s] has already deleted
Test Mode Details 2023/12/25 15:53:26 [logstash-atm-sn-20231115] has already deleted
Test Mode Details 2023/12/25 15:53:26 [logstash-sevone-cal-d-1-202310] has already deleted
Test Mode Details 2023/12/25 15:53:26 [logstash-atm-sn-20231114] has already deleted
Test Mode Details 2023/12/25 15:53:26 [logstash-sevone-cal-d-1-202311] has already deleted
Test Mode Details 2023/12/25 15:53:26 [logstash-atm-sn-20231113] has already deleted
Test Mode Details 2023/12/25 15:53:26 [logstash-sevone-cal-d-1-202312] has already deleted
Test Mode Details 2023/12/25 15:53:26 [logstash-sevone-sn-20230822-n] has already deleted
Test Mode Details 2023/12/25 15:53:26 [logstash-atm-sn-20231112] has already deleted
Test Mode Details 2023/12/25 15:53:26 [logstash-sevone-sn-20230917-n] has already deleted
Test Mode Details 2023/12/25 15:53:26 [logstash-atm-sn-20231111] has already deleted
Test Mode Details 2023/12/25 15:53:26 [logstash-atm-sn-20231110] has already deleted
Test Mode Details 2023/12/25 15:53:26 [logstash-sevone-sn-20231031-s] has already deleted
Test Mode Details 2023/12/25 15:53:26 [logstash-atm-sn-20231119] has already deleted
Test Mode Details 2023/12/25 15:53:26 [logstash-sevone-sn-20231102-s-test] has already deleted
Test Mode Details 2023/12/25 15:53:26 [logstash-atm-sn-20231118] has already deleted
Test Mode Details 2023/12/25 15:53:26 [logstash-atm-sn-20231117] has already deleted
Test Mode Details 2023/12/25 15:53:26 [logstash-atm-sn-20231130] has already deleted
Test Mode Details 2023/12/25 15:53:26 [logstash-sevone-cal-h-half-202310-test] has already deleted
Test Mode Details 2023/12/25 15:53:26 [logstash-atm-sn-20231127] has already deleted
Test Mode Details 2023/12/25 15:53:26 [logstash-sevone-sn-20230927-s] has already deleted
Test Mode Details 2023/12/25 15:53:26 [logstash-atm-sn-20231126] has already deleted
Test Mode Details 2023/12/25 15:53:26 [logstash-atm-sn-20231125] has already deleted
Test Mode Details 2023/12/25 15:53:26 [logstash-sevone-sn-20231029-s] has already deleted
Test Mode Details 2023/12/25 15:53:26 [logstash-atm-sn-20231124] has already deleted
Test Mode Details 2023/12/25 15:53:26 [logstash-atm-cal-h-2-202310] has already deleted
Test Mode Details 2023/12/25 15:53:26 [logstash-atm-sn-20231123] has already deleted
Test Mode Details 2023/12/25 15:53:26 [logstash-atm-cal-h-2-202311] has already deleted
Test Mode Details 2023/12/25 15:53:26 [logstash-atm-sn-20231122] has already deleted
Test Mode Details 2023/12/25 15:53:26 [logstash-sevone-sn-20230904-n] has already deleted
Test Mode Details 2023/12/25 15:53:26 [logstash-atm-cal-h-2-202312] has already deleted
Test Mode Details 2023/12/25 15:53:26 [logstash-atm-sn-20231121] has already deleted
Test Mode Details 2023/12/25 15:53:26 [logstash-sevone-sn-20231006-s] has already deleted
Test Mode Details 2023/12/25 15:53:26 [logstash-atm-sn-20231120] has already deleted
Test Mode Details 2023/12/25 15:53:26 [logstash-sevone-sn-20231021-s] has already deleted
Test Mode Details 2023/12/25 15:53:26 [logstash-sevone-sn-20231124-test] has already deleted
Test Mode Details 2023/12/25 15:53:26 [logstash-atm-sn-20231129] has already deleted
Test Mode Details 2023/12/25 15:53:26 [logstash-sevone-sn-20231027-s-test] has already deleted
Test Mode Details 2023/12/25 15:53:26 [logstash-atm-sn-20231128] has already deleted
Test Mode Details 2023/12/25 15:53:26 [logstash-sevone-sn-20231118-test] has already deleted
Test Mode Details 2023/12/25 15:53:26 [logstash-sevone-sn-20231104-s] has already deleted
Test Mode Details 2023/12/25 15:53:26 [logstash-atm-sn-20231020] has already deleted
Test Mode Details 2023/12/25 15:53:26 [logstash-sevone-sn-20230829-n] has already deleted
Test Mode Details 2023/12/25 15:53:26 [logstash-sevone-sn-20231112-test] has already deleted
Test Mode Details 2023/12/25 15:53:26 [logstash-atm-sn-20231017] has already deleted
Test Mode Details 2023/12/25 15:53:26 [logstash-atm-sn-20231016] has already deleted
Test Mode Details 2023/12/25 15:53:26 [logstash-sevone-cal-h-2-202309] has already deleted
Test Mode Details 2023/12/25 15:53:26 [logstash-sevone-sn-20231017-s] has already deleted
Test Mode Details 2023/12/25 15:53:26 [logstash-sevone-cal-h-2-202308] has already deleted
Test Mode Details 2023/12/25 15:53:26 [logstash-sevone-sn-20230821-n] has already deleted
Test Mode Details 2023/12/25 15:53:26 [logstash-sevone-sn-20231206-test] has already deleted
Test Mode Details 2023/12/25 15:53:26 [logstash-atm-sn-20231010] has already deleted
Test Mode Details 2023/12/25 15:53:26 [logstash-sevone-sn-20230916-n] has already deleted
Test Mode Details 2023/12/25 15:53:26 [logstash-atm-sn-20231019] has already deleted
Test Mode Details 2023/12/25 15:53:26 [logstash-atm-sn-20231018] has already deleted
Test Mode Details 2023/12/25 15:53:26 [logstash-sevone-sn-20231203-test] has already deleted
Test Mode Details 2023/12/25 15:53:26 [logstash-sevone-sn-20231122-test] has already deleted
Test Mode Details 2023/12/25 15:53:26 [logstash-atm-sn-20231031] has already deleted
Test Mode Details 2023/12/25 15:53:26 [logstash-sevone-cal-h-1-202310] has already deleted
Test Mode Details 2023/12/25 15:53:26 [logstash-atm-sn-20231030] has already deleted
Test Mode Details 2023/12/25 15:53:26 [logstash-sevone-sn-20230903-n] has already deleted
Test Mode Details 2023/12/25 15:53:26 [logstash-sevone-cal-h-1-202312] has already deleted
Test Mode Details 2023/12/25 15:53:26 [logstash-chief-test-20230926] has already deleted
Test Mode Details 2023/12/25 15:53:26 [logstash-sevone-cal-h-1-202311] has already deleted
Test Mode Details 2023/12/25 15:53:26 [logstash-atm-sn-20231028] has already deleted
Test Mode Details 2023/12/25 15:53:26 [logstash-sevone-cal-h-half-202311] has already deleted
Test Mode Details 2023/12/25 15:53:26 [logstash-sevone-sn-20231031-s-test] has already deleted
Test Mode Details 2023/12/25 15:53:26 [logstash-atm-sn-20231027] has already deleted
Test Mode Details 2023/12/25 15:53:26 [logstash-sevone-cal-h-half-202312] has already deleted
Test Mode Details 2023/12/25 15:53:26 [logstash-sevone-sn-20231003-s] has already deleted
Test Mode Details 2023/12/25 15:53:26 [logstash-atm-sn-20231026] has already deleted
Test Mode Details 2023/12/25 15:53:26 [logstash-sevone-sn-20231030-s-test] has already deleted
Test Mode Details 2023/12/25 15:53:26 [logstash-atm-sn-20231025] has already deleted
Test Mode Details 2023/12/25 15:53:26 [logstash-sevone-sn-20230926-s] has already deleted
Test Mode Details 2023/12/25 15:53:26 [logstash-sevone-cal-h-half-202310] has already deleted
Test Mode Details 2023/12/25 15:53:26 [logstash-atm-sn-20231024] has already deleted
Test Mode Details 2023/12/25 15:53:26 [logstash-atm-sn-20231023] has already deleted
Test Mode Details 2023/12/25 15:53:26 [logstash-atm-sn-20231022] has already deleted
Test Mode Details 2023/12/25 15:53:26 [logstash-atm-sn-20231021] has already deleted
Test Mode Details 2023/12/25 15:53:26 [logstash-sevone-sn-20231026-s] has already deleted
Test Mode Details 2023/12/25 15:53:26 [logstash-sevone-sn-20231119-test] has already deleted
Test Mode Details 2023/12/25 15:53:26 [logstash-atm-sn-20231029] has already deleted
Test Mode Details 2023/12/25 15:53:26 [logstash-atm-cal-d-1-202310] has already deleted
Test Mode Details 2023/12/25 15:53:26 [logstash-sevone-sn-20231101-s] has already deleted
Test Mode Details 2023/12/25 15:53:26 [logstash-atm-cal-d-1-202312] has already deleted
Test Mode Details 2023/12/25 15:53:26 [logstash-atm-cal-d-1-202311] has already deleted
Test Mode Details 2023/12/25 15:53:26 [logstash-sevone-sn-20230828-n] has already deleted
Test Mode Details 2023/12/25 15:53:26 [logstash-sevone-sn-20230930-s] has already deleted
Test Mode Details 2023/12/25 15:53:26 [logstash-sevone-sn-20231207-test] has already deleted
Test Mode Details 2023/12/25 15:53:26 [logstash-sevone-sn-20230820-n] has already deleted
Test Mode Details 2023/12/25 15:53:26 [logstash-sevone-cal-d-1-202310-test] has already deleted
Test Mode Details 2023/12/25 15:53:26 [logstash-sevone-cal-h-1-202309] has already deleted
Test Mode Details 2023/12/25 15:53:26 [logstash-sevone-cal-h-1-202308] has already deleted
Test Mode Details 2023/12/25 15:53:26 [logstash-sevone-sn-20230915-n] has already deleted
Test Mode Details 2023/12/25 15:53:26 [logstash-sevone-sn-20231014-s] has already deleted
Test Mode Details 2023/12/25 15:53:26 [logstash-sevone-cal-h-half-202308] has already deleted
Test Mode Details 2023/12/25 15:53:26 [logstash-sevone-cal-h-half-202309] has already deleted
Test Mode Details 2023/12/25 15:53:26 [logstash-sevone-sn-20231109-s] has already deleted
Test Mode Details 2023/12/25 15:53:26 [logstash-atm-cal-h-half-] has already deleted
Test Mode Details 2023/12/25 15:53:26 [logstash-sevone-sn-20231202-test] has already deleted
Test Mode Details 2023/12/25 15:53:26 [logstash-sevone-sn-20230902-n] has already deleted
Test Mode Details 2023/12/25 15:53:26 [logstash-sevone-sn-20230831-n] has already deleted
Test Mode Details 2023/12/25 15:53:26 [logstash-sevone-sn-20231004-s] has already deleted
Test Mode Details 2023/12/25 15:53:26 [logstash-sevone-sn-20231027-s] has already deleted
Test Mode Details 2023/12/25 15:53:26 [logstash-sevone-sn-20230925-s] has already deleted
Test Mode Details 2023/12/25 15:53:26 [logstash-atm-cal-h-1-202312] has already deleted
Test Mode Details 2023/12/25 15:53:26 [logstash-atm-cal-h-1-202311] has already deleted
Test Mode Details 2023/12/25 15:53:26 [logstash-atm-cal-h-1-202310] has already deleted
Test Mode Details 2023/12/25 15:53:26 [logstash-sevone-sn-20231208-test] has already deleted
Test Mode Details 2023/12/25 15:53:26 [logstash-sevone-sn-20231102-s] has already deleted
Test Mode Details 2023/12/25 15:53:26 [logstash-sevone-sn-20230827-n] has already deleted
Test Mode Details 2023/12/25 15:53:26 [logstash-sevone-sn-20230914-n] has already deleted
Test Mode Details 2023/12/25 15:53:26 [logstash-sevone-sn-00010101] has already deleted
Test Mode Details 2023/12/25 15:53:26 [logstash-sevone-sn-20231123-test] has already deleted
Test Mode Details 2023/12/25 15:53:26 [logstash-sevone-sn-20231101-s-test] has already deleted
Test Mode Details 2023/12/25 15:53:26 [logstash-sevone-sn-20231015-s] has already deleted
Test Mode Details 2023/12/25 15:53:26 [logstash-sevone-sn-20231030-s] has already deleted
Test Mode Details 2023/12/25 15:53:26 [logstash-sevone-sn-20231129-test] has already deleted
Test Mode Details 2023/12/25 15:53:26 [logstash-sevone-sn-20231211-test] has already deleted
Info 2023/12/25 15:53:26 Pausing for 5 seconds before continuing...
