
Actions 2023/12/27 13:32:59 Action: delete_indices,Description: delete selected indices_test
INFO 2023/12/27 13:32:59 Average Water Level: 57.070000
Details 2023/12/27 13:32:59 Disk Space to Clean 19.890000 gb
Details 2023/12/27 13:32:59 use these filter :[pattern water_level]
Details 2023/12/27 13:32:59 Delete these indices :[logstash-atm-sn-00010101 logstash-atm-sn-20231020 logstash-atm-sn-20231017 logstash-atm-sn-20231016 logstash-atm-sn-20231010 logstash-atm-sn-20231019 logstash-atm-sn-20231018 logstash-atm-sn-20231022 logstash-atm-sn-20231021]
Test Mode Details 2023/12/27 13:32:59 [logstash-atm-sn-00010101] has already deleted ,Pri: 1,Rep: 1,DocCount: 80, DocDelete: 0,StoreSize: 306,PriStoreSize: 153,CreationDate: 2023-10-16
Test Mode Details 2023/12/27 13:32:59 [logstash-atm-sn-20231020] has already deleted ,Pri: 1,Rep: 1,DocCount: 13381284, DocDelete: 1752733,StoreSize: 3346489,PriStoreSize: 1673244,CreationDate: 2023-10-20
Test Mode Details 2023/12/27 13:32:59 [logstash-atm-sn-20231017] has already deleted ,Pri: 1,Rep: 1,DocCount: 13464757, DocDelete: 245333,StoreSize: 3045200,PriStoreSize: 1522600,CreationDate: 2023-10-17
Test Mode Details 2023/12/27 13:32:59 [logstash-atm-sn-20231016] has already deleted ,Pri: 1,Rep: 1,DocCount: 4971968, DocDelete: 377758,StoreSize: 1191870,PriStoreSize: 595935,CreationDate: 2023-10-16
Test Mode Details 2023/12/27 13:32:59 [logstash-atm-sn-20231010] has already deleted ,Pri: 1,Rep: 1,DocCount: 22024870, DocDelete: 7359,StoreSize: 3650577,PriStoreSize: 1825288,CreationDate: 2023-10-13
Test Mode Details 2023/12/27 13:32:59 [logstash-atm-sn-20231019] has already deleted ,Pri: 1,Rep: 1,DocCount: 13399027, DocDelete: 221793,StoreSize: 3009813,PriStoreSize: 1504906,CreationDate: 2023-10-19
Test Mode Details 2023/12/27 13:32:59 [logstash-atm-sn-20231018] has already deleted ,Pri: 1,Rep: 1,DocCount: 13357568, DocDelete: 342544,StoreSize: 3037235,PriStoreSize: 1518617,CreationDate: 2023-10-18
Test Mode Details 2023/12/27 13:32:59 [logstash-atm-sn-20231022] has already deleted ,Pri: 1,Rep: 1,DocCount: 13067781, DocDelete: 804777,StoreSize: 3045350,PriStoreSize: 1522675,CreationDate: 2023-10-22
Test Mode Details 2023/12/27 13:32:59 [logstash-atm-sn-20231021] has already deleted ,Pri: 1,Rep: 1,DocCount: 13255594, DocDelete: 1458208,StoreSize: 3241825,PriStoreSize: 1620912,CreationDate: 2023-10-21
Info 2023/12/27 13:32:59 Pausing for 5 seconds before continuing...
Actions 2023/12/27 13:36:44 Action: delete_indices,Description: delete selected indices_test
INFO 2023/12/27 13:36:44 Average Water Level: 57.084999
Details 2023/12/27 13:36:44 Disk Space to Clean 19.890000 gb
Details 2023/12/27 13:36:44 use these filter :[pattern water_level]
Details 2023/12/27 13:36:44 Delete these indices :[logstash-atm-sn-00010101 logstash-atm-sn-20231020 logstash-atm-sn-20231017 logstash-atm-sn-20231016 logstash-atm-sn-20231010 logstash-atm-sn-20231019 logstash-atm-sn-20231018 logstash-atm-sn-20231022 logstash-atm-sn-20231021]
Test Mode Details 2023/12/27 13:36:44 [logstash-atm-sn-00010101] has already deleted ,Pri: 1,Rep: 1,DocCount: 80, DocDelete: 0,StoreSize: 306,PriStoreSize: 153,CreationDate: 2023-10-16
Test Mode Details 2023/12/27 13:36:44 [logstash-atm-sn-20231020] has already deleted ,Pri: 1,Rep: 1,DocCount: 13381284, DocDelete: 1752733,StoreSize: 3346489,PriStoreSize: 1673244,CreationDate: 2023-10-20
Test Mode Details 2023/12/27 13:36:44 [logstash-atm-sn-20231017] has already deleted ,Pri: 1,Rep: 1,DocCount: 13464757, DocDelete: 245333,StoreSize: 3045200,PriStoreSize: 1522600,CreationDate: 2023-10-17
Test Mode Details 2023/12/27 13:36:44 [logstash-atm-sn-20231016] has already deleted ,Pri: 1,Rep: 1,DocCount: 4971968, DocDelete: 377758,StoreSize: 1191870,PriStoreSize: 595935,CreationDate: 2023-10-16
Test Mode Details 2023/12/27 13:36:44 [logstash-atm-sn-20231010] has already deleted ,Pri: 1,Rep: 1,DocCount: 22024870, DocDelete: 7359,StoreSize: 3650577,PriStoreSize: 1825288,CreationDate: 2023-10-13
Test Mode Details 2023/12/27 13:36:44 [logstash-atm-sn-20231019] has already deleted ,Pri: 1,Rep: 1,DocCount: 13399027, DocDelete: 221793,StoreSize: 3009813,PriStoreSize: 1504906,CreationDate: 2023-10-19
Test Mode Details 2023/12/27 13:36:44 [logstash-atm-sn-20231018] has already deleted ,Pri: 1,Rep: 1,DocCount: 13357568, DocDelete: 342544,StoreSize: 3037235,PriStoreSize: 1518617,CreationDate: 2023-10-18
Test Mode Details 2023/12/27 13:36:44 [logstash-atm-sn-20231022] has already deleted ,Pri: 1,Rep: 1,DocCount: 13067781, DocDelete: 804777,StoreSize: 3045350,PriStoreSize: 1522675,CreationDate: 2023-10-22
Test Mode Details 2023/12/27 13:36:44 [logstash-atm-sn-20231021] has already deleted ,Pri: 1,Rep: 1,DocCount: 13255594, DocDelete: 1458208,StoreSize: 3241825,PriStoreSize: 1620912,CreationDate: 2023-10-21
Info 2023/12/27 13:36:44 Pausing for 5 seconds before continuing...
Actions 2023/12/27 13:38:37 Action: delete_indices,Description: delete selected indices_test
INFO 2023/12/27 13:38:37 Average Water Level: 57.090000
Details 2023/12/27 13:38:37 Disk Space to Clean 19.890000 gb
Details 2023/12/27 13:38:37 use these filter :[pattern water_level]
Details 2023/12/27 13:38:37 Delete these indices :[logstash-atm-sn-00010101 logstash-atm-sn-20231020 logstash-atm-sn-20231017 logstash-atm-sn-20231016 logstash-atm-sn-20231010 logstash-atm-sn-20231019 logstash-atm-sn-20231018 logstash-atm-sn-20231022 logstash-atm-sn-20231021]
Test Mode Details 2023/12/27 13:38:37 [logstash-atm-sn-00010101] has already deleted ,Pri: 1,Rep: 1,DocCount: 80, DocDelete: 0,StoreSize: 306,PriStoreSize: 153,CreationDate: 2023-10-16
Test Mode Details 2023/12/27 13:38:37 [logstash-atm-sn-20231020] has already deleted ,Pri: 1,Rep: 1,DocCount: 13381284, DocDelete: 1752733,StoreSize: 3346489,PriStoreSize: 1673244,CreationDate: 2023-10-20
Test Mode Details 2023/12/27 13:38:37 [logstash-atm-sn-20231017] has already deleted ,Pri: 1,Rep: 1,DocCount: 13464757, DocDelete: 245333,StoreSize: 3045200,PriStoreSize: 1522600,CreationDate: 2023-10-17
Test Mode Details 2023/12/27 13:38:37 [logstash-atm-sn-20231016] has already deleted ,Pri: 1,Rep: 1,DocCount: 4971968, DocDelete: 377758,StoreSize: 1191870,PriStoreSize: 595935,CreationDate: 2023-10-16
Test Mode Details 2023/12/27 13:38:37 [logstash-atm-sn-20231010] has already deleted ,Pri: 1,Rep: 1,DocCount: 22024870, DocDelete: 7359,StoreSize: 3650577,PriStoreSize: 1825288,CreationDate: 2023-10-13
Test Mode Details 2023/12/27 13:38:37 [logstash-atm-sn-20231019] has already deleted ,Pri: 1,Rep: 1,DocCount: 13399027, DocDelete: 221793,StoreSize: 3009813,PriStoreSize: 1504906,CreationDate: 2023-10-19
Test Mode Details 2023/12/27 13:38:37 [logstash-atm-sn-20231018] has already deleted ,Pri: 1,Rep: 1,DocCount: 13357568, DocDelete: 342544,StoreSize: 3037235,PriStoreSize: 1518617,CreationDate: 2023-10-18
Test Mode Details 2023/12/27 13:38:37 [logstash-atm-sn-20231022] has already deleted ,Pri: 1,Rep: 1,DocCount: 13067781, DocDelete: 804777,StoreSize: 3045350,PriStoreSize: 1522675,CreationDate: 2023-10-22
Test Mode Details 2023/12/27 13:38:37 [logstash-atm-sn-20231021] has already deleted ,Pri: 1,Rep: 1,DocCount: 13255594, DocDelete: 1458208,StoreSize: 3241825,PriStoreSize: 1620912,CreationDate: 2023-10-21
Info 2023/12/27 13:38:37 Pausing for 5 seconds before continuing...
Actions 2023/12/27 13:42:33 Action: delete_indices,Description: delete selected indices_test
INFO 2023/12/27 13:42:34 Average Water Level: 57.115002
Details 2023/12/27 13:42:34 Disk Space to Clean 19.890000 gb
Details 2023/12/27 13:42:34 use these filter :[pattern water_level]
Details 2023/12/27 13:42:34 Delete these indices :[logstash-atm-sn-00010101 logstash-atm-sn-20231020 logstash-atm-sn-20231017 logstash-atm-sn-20231016 logstash-atm-sn-20231010 logstash-atm-sn-20231019 logstash-atm-sn-20231018 logstash-atm-sn-20231022 logstash-atm-sn-20231021]
Test Mode Details 2023/12/27 13:42:34 [logstash-atm-sn-00010101] has already deleted ,Pri: 1,Rep: 1,DocCount: 80, DocDelete: 0,StoreSize: 306,PriStoreSize: 153,CreationDate: 2023-10-16
Test Mode Details 2023/12/27 13:42:34 [logstash-atm-sn-20231020] has already deleted ,Pri: 1,Rep: 1,DocCount: 13381284, DocDelete: 1752733,StoreSize: 3346489,PriStoreSize: 1673244,CreationDate: 2023-10-20
Test Mode Details 2023/12/27 13:42:34 [logstash-atm-sn-20231017] has already deleted ,Pri: 1,Rep: 1,DocCount: 13464757, DocDelete: 245333,StoreSize: 3045200,PriStoreSize: 1522600,CreationDate: 2023-10-17
Test Mode Details 2023/12/27 13:42:34 [logstash-atm-sn-20231016] has already deleted ,Pri: 1,Rep: 1,DocCount: 4971968, DocDelete: 377758,StoreSize: 1191870,PriStoreSize: 595935,CreationDate: 2023-10-16
Test Mode Details 2023/12/27 13:42:34 [logstash-atm-sn-20231010] has already deleted ,Pri: 1,Rep: 1,DocCount: 22024870, DocDelete: 7359,StoreSize: 3650577,PriStoreSize: 1825288,CreationDate: 2023-10-13
Test Mode Details 2023/12/27 13:42:34 [logstash-atm-sn-20231019] has already deleted ,Pri: 1,Rep: 1,DocCount: 13399027, DocDelete: 221793,StoreSize: 3009813,PriStoreSize: 1504906,CreationDate: 2023-10-19
Test Mode Details 2023/12/27 13:42:34 [logstash-atm-sn-20231018] has already deleted ,Pri: 1,Rep: 1,DocCount: 13357568, DocDelete: 342544,StoreSize: 3037235,PriStoreSize: 1518617,CreationDate: 2023-10-18
Test Mode Details 2023/12/27 13:42:34 [logstash-atm-sn-20231022] has already deleted ,Pri: 1,Rep: 1,DocCount: 13067781, DocDelete: 804777,StoreSize: 3045350,PriStoreSize: 1522675,CreationDate: 2023-10-22
Test Mode Details 2023/12/27 13:42:34 [logstash-atm-sn-20231021] has already deleted ,Pri: 1,Rep: 1,DocCount: 13255594, DocDelete: 1458208,StoreSize: 3241825,PriStoreSize: 1620912,CreationDate: 2023-10-21
Info 2023/12/27 13:42:34 Pausing for 5 seconds before continuing...
Actions 2023/12/27 13:43:52 Action: delete_indices,Description: delete selected indices_test
INFO 2023/12/27 13:43:52 Average Water Level: 57.120001
Details 2023/12/27 13:43:52 Disk Space to Clean 19.890000 gb
Details 2023/12/27 13:43:52 use these filter :[pattern water_level]
Details 2023/12/27 13:43:52 Delete these indices :[logstash-atm-sn-00010101 logstash-atm-sn-20231020 logstash-atm-sn-20231017 logstash-atm-sn-20231016 logstash-atm-sn-20231010 logstash-atm-sn-20231019 logstash-atm-sn-20231018 logstash-atm-sn-20231022 logstash-atm-sn-20231021]
Test Mode Details 2023/12/27 13:43:53 [logstash-atm-sn-00010101] has already deleted ,Pri: 1,Rep: 1,DocCount: 80, DocDelete: 0,StoreSize: 306,PriStoreSize: 153,CreationDate: 2023-10-16
Test Mode Details 2023/12/27 13:43:53 [logstash-atm-sn-20231020] has already deleted ,Pri: 1,Rep: 1,DocCount: 13381284, DocDelete: 1752733,StoreSize: 3346489,PriStoreSize: 1673244,CreationDate: 2023-10-20
Test Mode Details 2023/12/27 13:43:53 [logstash-atm-sn-20231017] has already deleted ,Pri: 1,Rep: 1,DocCount: 13464757, DocDelete: 245333,StoreSize: 3045200,PriStoreSize: 1522600,CreationDate: 2023-10-17
Test Mode Details 2023/12/27 13:43:53 [logstash-atm-sn-20231016] has already deleted ,Pri: 1,Rep: 1,DocCount: 4971968, DocDelete: 377758,StoreSize: 1191870,PriStoreSize: 595935,CreationDate: 2023-10-16
Test Mode Details 2023/12/27 13:43:53 [logstash-atm-sn-20231010] has already deleted ,Pri: 1,Rep: 1,DocCount: 22024870, DocDelete: 7359,StoreSize: 3650577,PriStoreSize: 1825288,CreationDate: 2023-10-13
Test Mode Details 2023/12/27 13:43:53 [logstash-atm-sn-20231019] has already deleted ,Pri: 1,Rep: 1,DocCount: 13399027, DocDelete: 221793,StoreSize: 3009813,PriStoreSize: 1504906,CreationDate: 2023-10-19
Test Mode Details 2023/12/27 13:43:53 [logstash-atm-sn-20231018] has already deleted ,Pri: 1,Rep: 1,DocCount: 13357568, DocDelete: 342544,StoreSize: 3037235,PriStoreSize: 1518617,CreationDate: 2023-10-18
Test Mode Details 2023/12/27 13:43:53 [logstash-atm-sn-20231022] has already deleted ,Pri: 1,Rep: 1,DocCount: 13067781, DocDelete: 804777,StoreSize: 3045350,PriStoreSize: 1522675,CreationDate: 2023-10-22
Test Mode Details 2023/12/27 13:43:53 [logstash-atm-sn-20231021] has already deleted ,Pri: 1,Rep: 1,DocCount: 13255594, DocDelete: 1458208,StoreSize: 3241825,PriStoreSize: 1620912,CreationDate: 2023-10-21
Info 2023/12/27 13:43:53 Pausing for 5 seconds before continuing...
Actions 2023/12/27 13:47:59 Action: delete_indices,Description: delete selected indices_test
INFO 2023/12/27 13:47:59 Average Water Level: 57.134998
Details 2023/12/27 13:47:59 Disk Space to Clean 19.890000 gb
Details 2023/12/27 13:47:59 Total Delete kbs %!s(int=23568665)
Details 2023/12/27 13:47:59 use these filter :[pattern water_level]
Details 2023/12/27 13:47:59 Delete these indices :[logstash-atm-sn-00010101 logstash-atm-sn-20231020 logstash-atm-sn-20231017 logstash-atm-sn-20231016 logstash-atm-sn-20231010 logstash-atm-sn-20231019 logstash-atm-sn-20231018 logstash-atm-sn-20231022 logstash-atm-sn-20231021]
Test Mode Details 2023/12/27 13:47:59 [logstash-atm-sn-00010101] has already deleted ,Pri: 1,Rep: 1,DocCount: 80, DocDelete: 0,StoreSize: 306,PriStoreSize: 153,CreationDate: 2023-10-16
Test Mode Details 2023/12/27 13:47:59 [logstash-atm-sn-20231020] has already deleted ,Pri: 1,Rep: 1,DocCount: 13381284, DocDelete: 1752733,StoreSize: 3346489,PriStoreSize: 1673244,CreationDate: 2023-10-20
Test Mode Details 2023/12/27 13:47:59 [logstash-atm-sn-20231017] has already deleted ,Pri: 1,Rep: 1,DocCount: 13464757, DocDelete: 245333,StoreSize: 3045200,PriStoreSize: 1522600,CreationDate: 2023-10-17
Test Mode Details 2023/12/27 13:47:59 [logstash-atm-sn-20231016] has already deleted ,Pri: 1,Rep: 1,DocCount: 4971968, DocDelete: 377758,StoreSize: 1191870,PriStoreSize: 595935,CreationDate: 2023-10-16
Test Mode Details 2023/12/27 13:47:59 [logstash-atm-sn-20231010] has already deleted ,Pri: 1,Rep: 1,DocCount: 22024870, DocDelete: 7359,StoreSize: 3650577,PriStoreSize: 1825288,CreationDate: 2023-10-13
Test Mode Details 2023/12/27 13:47:59 [logstash-atm-sn-20231019] has already deleted ,Pri: 1,Rep: 1,DocCount: 13399027, DocDelete: 221793,StoreSize: 3009813,PriStoreSize: 1504906,CreationDate: 2023-10-19
Test Mode Details 2023/12/27 13:47:59 [logstash-atm-sn-20231018] has already deleted ,Pri: 1,Rep: 1,DocCount: 13357568, DocDelete: 342544,StoreSize: 3037235,PriStoreSize: 1518617,CreationDate: 2023-10-18
Test Mode Details 2023/12/27 13:47:59 [logstash-atm-sn-20231022] has already deleted ,Pri: 1,Rep: 1,DocCount: 13067781, DocDelete: 804777,StoreSize: 3045350,PriStoreSize: 1522675,CreationDate: 2023-10-22
Test Mode Details 2023/12/27 13:47:59 [logstash-atm-sn-20231021] has already deleted ,Pri: 1,Rep: 1,DocCount: 13255594, DocDelete: 1458208,StoreSize: 3241825,PriStoreSize: 1620912,CreationDate: 2023-10-21
Info 2023/12/27 13:47:59 Pausing for 5 seconds before continuing...
Actions 2023/12/27 13:50:41 Action: delete_indices,Description: delete selected indices_test
INFO 2023/12/27 13:50:42 Average Water Level: 57.154999
Details 2023/12/27 13:50:42 Disk Space to Clean 19.890000 gb
Details 2023/12/27 13:50:42 Total Delete kbs 23568665
Details 2023/12/27 13:50:42 use these filter :[pattern water_level]
Details 2023/12/27 13:50:42 Delete these indices :[logstash-atm-sn-00010101 logstash-atm-sn-20231020 logstash-atm-sn-20231017 logstash-atm-sn-20231016 logstash-atm-sn-20231010 logstash-atm-sn-20231019 logstash-atm-sn-20231018 logstash-atm-sn-20231022 logstash-atm-sn-20231021]
Test Mode Details 2023/12/27 13:50:42 [logstash-atm-sn-00010101] has already deleted ,Pri: 1,Rep: 1,DocCount: 80, DocDelete: 0,StoreSize: 306,PriStoreSize: 153,CreationDate: 2023-10-16
Test Mode Details 2023/12/27 13:50:42 [logstash-atm-sn-20231020] has already deleted ,Pri: 1,Rep: 1,DocCount: 13381284, DocDelete: 1752733,StoreSize: 3346489,PriStoreSize: 1673244,CreationDate: 2023-10-20
Test Mode Details 2023/12/27 13:50:42 [logstash-atm-sn-20231017] has already deleted ,Pri: 1,Rep: 1,DocCount: 13464757, DocDelete: 245333,StoreSize: 3045200,PriStoreSize: 1522600,CreationDate: 2023-10-17
Test Mode Details 2023/12/27 13:50:42 [logstash-atm-sn-20231016] has already deleted ,Pri: 1,Rep: 1,DocCount: 4971968, DocDelete: 377758,StoreSize: 1191870,PriStoreSize: 595935,CreationDate: 2023-10-16
Test Mode Details 2023/12/27 13:50:42 [logstash-atm-sn-20231010] has already deleted ,Pri: 1,Rep: 1,DocCount: 22024870, DocDelete: 7359,StoreSize: 3650577,PriStoreSize: 1825288,CreationDate: 2023-10-13
Test Mode Details 2023/12/27 13:50:42 [logstash-atm-sn-20231019] has already deleted ,Pri: 1,Rep: 1,DocCount: 13399027, DocDelete: 221793,StoreSize: 3009813,PriStoreSize: 1504906,CreationDate: 2023-10-19
Test Mode Details 2023/12/27 13:50:42 [logstash-atm-sn-20231018] has already deleted ,Pri: 1,Rep: 1,DocCount: 13357568, DocDelete: 342544,StoreSize: 3037235,PriStoreSize: 1518617,CreationDate: 2023-10-18
Test Mode Details 2023/12/27 13:50:42 [logstash-atm-sn-20231022] has already deleted ,Pri: 1,Rep: 1,DocCount: 13067781, DocDelete: 804777,StoreSize: 3045350,PriStoreSize: 1522675,CreationDate: 2023-10-22
Test Mode Details 2023/12/27 13:50:42 [logstash-atm-sn-20231021] has already deleted ,Pri: 1,Rep: 1,DocCount: 13255594, DocDelete: 1458208,StoreSize: 3241825,PriStoreSize: 1620912,CreationDate: 2023-10-21
Info 2023/12/27 13:50:42 Pausing for 5 seconds before continuing...
Actions 2023/12/27 13:54:38 Action: delete_indices,Description: delete selected indices_test
INFO 2023/12/27 13:54:38 Average Water Level: 57.074999
Details 2023/12/27 13:54:38 Disk Space to Clean 19.890000 gb
Details 2023/12/27 13:54:38 Total Delete kbs 23568665
Details 2023/12/27 13:54:38 use these filter :[pattern water_level]
Details 2023/12/27 13:54:38 Delete these indices :[logstash-atm-sn-00010101 logstash-atm-sn-20231020 logstash-atm-sn-20231017 logstash-atm-sn-20231016 logstash-atm-sn-20231010 logstash-atm-sn-20231019 logstash-atm-sn-20231018 logstash-atm-sn-20231022 logstash-atm-sn-20231021]
Test Mode Details 2023/12/27 13:54:38 [logstash-atm-sn-00010101] has already deleted ,Pri: 1,Rep: 1,DocCount: 80, DocDelete: 0,StoreSize: 306,PriStoreSize: 153,CreationDate: 2023-10-16
Test Mode Details 2023/12/27 13:54:38 [logstash-atm-sn-20231020] has already deleted ,Pri: 1,Rep: 1,DocCount: 13381284, DocDelete: 1752733,StoreSize: 3346489,PriStoreSize: 1673244,CreationDate: 2023-10-20
Test Mode Details 2023/12/27 13:54:39 [logstash-atm-sn-20231017] has already deleted ,Pri: 1,Rep: 1,DocCount: 13464757, DocDelete: 245333,StoreSize: 3045200,PriStoreSize: 1522600,CreationDate: 2023-10-17
Test Mode Details 2023/12/27 13:54:39 [logstash-atm-sn-20231016] has already deleted ,Pri: 1,Rep: 1,DocCount: 4971968, DocDelete: 377758,StoreSize: 1191870,PriStoreSize: 595935,CreationDate: 2023-10-16
Test Mode Details 2023/12/27 13:54:39 [logstash-atm-sn-20231010] has already deleted ,Pri: 1,Rep: 1,DocCount: 22024870, DocDelete: 7359,StoreSize: 3650577,PriStoreSize: 1825288,CreationDate: 2023-10-13
Test Mode Details 2023/12/27 13:54:39 [logstash-atm-sn-20231019] has already deleted ,Pri: 1,Rep: 1,DocCount: 13399027, DocDelete: 221793,StoreSize: 3009813,PriStoreSize: 1504906,CreationDate: 2023-10-19
Test Mode Details 2023/12/27 13:54:39 [logstash-atm-sn-20231018] has already deleted ,Pri: 1,Rep: 1,DocCount: 13357568, DocDelete: 342544,StoreSize: 3037235,PriStoreSize: 1518617,CreationDate: 2023-10-18
Test Mode Details 2023/12/27 13:54:39 [logstash-atm-sn-20231022] has already deleted ,Pri: 1,Rep: 1,DocCount: 13067781, DocDelete: 804777,StoreSize: 3045350,PriStoreSize: 1522675,CreationDate: 2023-10-22
Test Mode Details 2023/12/27 13:54:39 [logstash-atm-sn-20231021] has already deleted ,Pri: 1,Rep: 1,DocCount: 13255594, DocDelete: 1458208,StoreSize: 3241825,PriStoreSize: 1620912,CreationDate: 2023-10-21
Info 2023/12/27 13:54:39 Pausing for 5 seconds before continuing...
Actions 2023/12/27 13:56:39 Action: delete_indices,Description: delete selected indices_test
INFO 2023/12/27 13:56:40 Average Water Level: 56.985001
Details 2023/12/27 13:56:40 Disk Space to Clean 19.890000 gb
Details 2023/12/27 13:56:40 Total Delete kbs 23568665
Details 2023/12/27 13:56:40 use these filter :[pattern water_level]
Details 2023/12/27 13:56:40 Delete these indices :[logstash-atm-sn-00010101 logstash-atm-sn-20231020 logstash-atm-sn-20231017 logstash-atm-sn-20231016 logstash-atm-sn-20231010 logstash-atm-sn-20231019 logstash-atm-sn-20231018 logstash-atm-sn-20231022 logstash-atm-sn-20231021]
Test Mode Details 2023/12/27 13:56:40 [logstash-atm-sn-00010101] has already deleted ,Pri: 1,Rep: 1,DocCount: 80, DocDelete: 0,StoreSize: 306,PriStoreSize: 153,CreationDate: 2023-10-16
Test Mode Details 2023/12/27 13:56:40 [logstash-atm-sn-20231020] has already deleted ,Pri: 1,Rep: 1,DocCount: 13381284, DocDelete: 1752733,StoreSize: 3346489,PriStoreSize: 1673244,CreationDate: 2023-10-20
Test Mode Details 2023/12/27 13:56:40 [logstash-atm-sn-20231017] has already deleted ,Pri: 1,Rep: 1,DocCount: 13464757, DocDelete: 245333,StoreSize: 3045200,PriStoreSize: 1522600,CreationDate: 2023-10-17
Test Mode Details 2023/12/27 13:56:40 [logstash-atm-sn-20231016] has already deleted ,Pri: 1,Rep: 1,DocCount: 4971968, DocDelete: 377758,StoreSize: 1191870,PriStoreSize: 595935,CreationDate: 2023-10-16
Test Mode Details 2023/12/27 13:56:40 [logstash-atm-sn-20231010] has already deleted ,Pri: 1,Rep: 1,DocCount: 22024870, DocDelete: 7359,StoreSize: 3650577,PriStoreSize: 1825288,CreationDate: 2023-10-13
Test Mode Details 2023/12/27 13:56:40 [logstash-atm-sn-20231019] has already deleted ,Pri: 1,Rep: 1,DocCount: 13399027, DocDelete: 221793,StoreSize: 3009813,PriStoreSize: 1504906,CreationDate: 2023-10-19
Test Mode Details 2023/12/27 13:56:40 [logstash-atm-sn-20231018] has already deleted ,Pri: 1,Rep: 1,DocCount: 13357568, DocDelete: 342544,StoreSize: 3037235,PriStoreSize: 1518617,CreationDate: 2023-10-18
Test Mode Details 2023/12/27 13:56:40 [logstash-atm-sn-20231022] has already deleted ,Pri: 1,Rep: 1,DocCount: 13067781, DocDelete: 804777,StoreSize: 3045350,PriStoreSize: 1522675,CreationDate: 2023-10-22
Test Mode Details 2023/12/27 13:56:40 [logstash-atm-sn-20231021] has already deleted ,Pri: 1,Rep: 1,DocCount: 13255594, DocDelete: 1458208,StoreSize: 3241825,PriStoreSize: 1620912,CreationDate: 2023-10-21
Info 2023/12/27 13:56:40 Pausing for 5 seconds before continuing...
Actions 2023/12/27 13:57:07 Action: delete_indices,Description: delete selected indices_test
INFO 2023/12/27 13:57:07 Average Water Level: 56.985001
Details 2023/12/27 13:57:07 Disk Space to Clean 19.890000 gb
Details 2023/12/27 13:57:07 Total Delete kbs 23568665
Details 2023/12/27 13:57:07 use these filter :[pattern water_level]
Details 2023/12/27 13:57:07 Delete these indices :[logstash-atm-sn-00010101 logstash-atm-sn-20231020 logstash-atm-sn-20231017 logstash-atm-sn-20231016 logstash-atm-sn-20231010 logstash-atm-sn-20231019 logstash-atm-sn-20231018 logstash-atm-sn-20231022 logstash-atm-sn-20231021]
Test Mode Details 2023/12/27 13:57:07 [logstash-atm-sn-00010101] has already deleted ,Pri: 1,Rep: 1,DocCount: 80, DocDelete: 0,StoreSize: 306,PriStoreSize: 153,CreationDate: 2023-10-16
Test Mode Details 2023/12/27 13:57:07 [logstash-atm-sn-20231020] has already deleted ,Pri: 1,Rep: 1,DocCount: 13381284, DocDelete: 1752733,StoreSize: 3346489,PriStoreSize: 1673244,CreationDate: 2023-10-20
Test Mode Details 2023/12/27 13:57:07 [logstash-atm-sn-20231017] has already deleted ,Pri: 1,Rep: 1,DocCount: 13464757, DocDelete: 245333,StoreSize: 3045200,PriStoreSize: 1522600,CreationDate: 2023-10-17
Test Mode Details 2023/12/27 13:57:07 [logstash-atm-sn-20231016] has already deleted ,Pri: 1,Rep: 1,DocCount: 4971968, DocDelete: 377758,StoreSize: 1191870,PriStoreSize: 595935,CreationDate: 2023-10-16
Test Mode Details 2023/12/27 13:57:07 [logstash-atm-sn-20231010] has already deleted ,Pri: 1,Rep: 1,DocCount: 22024870, DocDelete: 7359,StoreSize: 3650577,PriStoreSize: 1825288,CreationDate: 2023-10-13
Test Mode Details 2023/12/27 13:57:07 [logstash-atm-sn-20231019] has already deleted ,Pri: 1,Rep: 1,DocCount: 13399027, DocDelete: 221793,StoreSize: 3009813,PriStoreSize: 1504906,CreationDate: 2023-10-19
Test Mode Details 2023/12/27 13:57:07 [logstash-atm-sn-20231018] has already deleted ,Pri: 1,Rep: 1,DocCount: 13357568, DocDelete: 342544,StoreSize: 3037235,PriStoreSize: 1518617,CreationDate: 2023-10-18
Test Mode Details 2023/12/27 13:57:07 [logstash-atm-sn-20231022] has already deleted ,Pri: 1,Rep: 1,DocCount: 13067781, DocDelete: 804777,StoreSize: 3045350,PriStoreSize: 1522675,CreationDate: 2023-10-22
Test Mode Details 2023/12/27 13:57:07 [logstash-atm-sn-20231021] has already deleted ,Pri: 1,Rep: 1,DocCount: 13255594, DocDelete: 1458208,StoreSize: 3241825,PriStoreSize: 1620912,CreationDate: 2023-10-21
Info 2023/12/27 13:57:07 Pausing for 5 seconds before continuing...
